Component: ARM Compiler 5.05 update 1 (build 106) Tool: armlink [4d0efa]

==============================================================================

Section Cross References

    stm32f2xx_adc.o(i.ADC_DeInit) refers to stm32f2xx_rcc.o(i.RCC_APB2PeriphResetCmd) for RCC_APB2PeriphResetCmd
    stm32f2xx_can.o(i.CAN_DeInit) refers to stm32f2xx_rcc.o(i.RCC_APB1PeriphResetCmd) for RCC_APB1PeriphResetCmd
    stm32f2xx_can.o(i.CAN_GetITStatus) refers to stm32f2xx_can.o(i.CheckITStatus) for CheckITStatus
    stm32f2xx_cryp.o(i.CRYP_DeInit) refers to stm32f2xx_rcc.o(i.RCC_AHB2PeriphResetCmd) for RCC_AHB2PeriphResetCmd
    stm32f2xx_cryp_aes.o(i.CRYP_AES_CBC) refers to stm32f2xx_cryp.o(i.CRYP_KeyStructInit) for CRYP_KeyStructInit
    stm32f2xx_cryp_aes.o(i.CRYP_AES_CBC) refers to stm32f2xx_cryp.o(i.CRYP_FIFOFlush) for CRYP_FIFOFlush
    stm32f2xx_cryp_aes.o(i.CRYP_AES_CBC) refers to stm32f2xx_cryp.o(i.CRYP_Init) for CRYP_Init
    stm32f2xx_cryp_aes.o(i.CRYP_AES_CBC) refers to stm32f2xx_cryp.o(i.CRYP_KeyInit) for CRYP_KeyInit
    stm32f2xx_cryp_aes.o(i.CRYP_AES_CBC) refers to stm32f2xx_cryp.o(i.CRYP_Cmd) for CRYP_Cmd
    stm32f2xx_cryp_aes.o(i.CRYP_AES_CBC) refers to stm32f2xx_cryp.o(i.CRYP_GetFlagStatus) for CRYP_GetFlagStatus
    stm32f2xx_cryp_aes.o(i.CRYP_AES_CBC) refers to stm32f2xx_cryp.o(i.CRYP_IVInit) for CRYP_IVInit
    stm32f2xx_cryp_aes.o(i.CRYP_AES_CBC) refers to stm32f2xx_cryp.o(i.CRYP_DataIn) for CRYP_DataIn
    stm32f2xx_cryp_aes.o(i.CRYP_AES_CBC) refers to stm32f2xx_cryp.o(i.CRYP_DataOut) for CRYP_DataOut
    stm32f2xx_cryp_aes.o(i.CRYP_AES_CTR) refers to stm32f2xx_cryp.o(i.CRYP_KeyStructInit) for CRYP_KeyStructInit
    stm32f2xx_cryp_aes.o(i.CRYP_AES_CTR) refers to stm32f2xx_cryp.o(i.CRYP_KeyInit) for CRYP_KeyInit
    stm32f2xx_cryp_aes.o(i.CRYP_AES_CTR) refers to stm32f2xx_cryp.o(i.CRYP_Init) for CRYP_Init
    stm32f2xx_cryp_aes.o(i.CRYP_AES_CTR) refers to stm32f2xx_cryp.o(i.CRYP_IVInit) for CRYP_IVInit
    stm32f2xx_cryp_aes.o(i.CRYP_AES_CTR) refers to stm32f2xx_cryp.o(i.CRYP_FIFOFlush) for CRYP_FIFOFlush
    stm32f2xx_cryp_aes.o(i.CRYP_AES_CTR) refers to stm32f2xx_cryp.o(i.CRYP_Cmd) for CRYP_Cmd
    stm32f2xx_cryp_aes.o(i.CRYP_AES_CTR) refers to stm32f2xx_cryp.o(i.CRYP_DataIn) for CRYP_DataIn
    stm32f2xx_cryp_aes.o(i.CRYP_AES_CTR) refers to stm32f2xx_cryp.o(i.CRYP_GetFlagStatus) for CRYP_GetFlagStatus
    stm32f2xx_cryp_aes.o(i.CRYP_AES_CTR) refers to stm32f2xx_cryp.o(i.CRYP_DataOut) for CRYP_DataOut
    stm32f2xx_cryp_aes.o(i.CRYP_AES_ECB) refers to stm32f2xx_cryp.o(i.CRYP_KeyStructInit) for CRYP_KeyStructInit
    stm32f2xx_cryp_aes.o(i.CRYP_AES_ECB) refers to stm32f2xx_cryp.o(i.CRYP_FIFOFlush) for CRYP_FIFOFlush
    stm32f2xx_cryp_aes.o(i.CRYP_AES_ECB) refers to stm32f2xx_cryp.o(i.CRYP_Init) for CRYP_Init
    stm32f2xx_cryp_aes.o(i.CRYP_AES_ECB) refers to stm32f2xx_cryp.o(i.CRYP_KeyInit) for CRYP_KeyInit
    stm32f2xx_cryp_aes.o(i.CRYP_AES_ECB) refers to stm32f2xx_cryp.o(i.CRYP_Cmd) for CRYP_Cmd
    stm32f2xx_cryp_aes.o(i.CRYP_AES_ECB) refers to stm32f2xx_cryp.o(i.CRYP_GetFlagStatus) for CRYP_GetFlagStatus
    stm32f2xx_cryp_aes.o(i.CRYP_AES_ECB) refers to stm32f2xx_cryp.o(i.CRYP_DataIn) for CRYP_DataIn
    stm32f2xx_cryp_aes.o(i.CRYP_AES_ECB) refers to stm32f2xx_cryp.o(i.CRYP_DataOut) for CRYP_DataOut
    stm32f2xx_cryp_des.o(i.CRYP_DES_CBC) refers to stm32f2xx_cryp.o(i.CRYP_KeyStructInit) for CRYP_KeyStructInit
    stm32f2xx_cryp_des.o(i.CRYP_DES_CBC) refers to stm32f2xx_cryp.o(i.CRYP_Init) for CRYP_Init
    stm32f2xx_cryp_des.o(i.CRYP_DES_CBC) refers to stm32f2xx_cryp.o(i.CRYP_KeyInit) for CRYP_KeyInit
    stm32f2xx_cryp_des.o(i.CRYP_DES_CBC) refers to stm32f2xx_cryp.o(i.CRYP_IVInit) for CRYP_IVInit
    stm32f2xx_cryp_des.o(i.CRYP_DES_CBC) refers to stm32f2xx_cryp.o(i.CRYP_FIFOFlush) for CRYP_FIFOFlush
    stm32f2xx_cryp_des.o(i.CRYP_DES_CBC) refers to stm32f2xx_cryp.o(i.CRYP_Cmd) for CRYP_Cmd
    stm32f2xx_cryp_des.o(i.CRYP_DES_CBC) refers to stm32f2xx_cryp.o(i.CRYP_DataIn) for CRYP_DataIn
    stm32f2xx_cryp_des.o(i.CRYP_DES_CBC) refers to stm32f2xx_cryp.o(i.CRYP_GetFlagStatus) for CRYP_GetFlagStatus
    stm32f2xx_cryp_des.o(i.CRYP_DES_CBC) refers to stm32f2xx_cryp.o(i.CRYP_DataOut) for CRYP_DataOut
    stm32f2xx_cryp_des.o(i.CRYP_DES_ECB) refers to stm32f2xx_cryp.o(i.CRYP_KeyStructInit) for CRYP_KeyStructInit
    stm32f2xx_cryp_des.o(i.CRYP_DES_ECB) refers to stm32f2xx_cryp.o(i.CRYP_Init) for CRYP_Init
    stm32f2xx_cryp_des.o(i.CRYP_DES_ECB) refers to stm32f2xx_cryp.o(i.CRYP_KeyInit) for CRYP_KeyInit
    stm32f2xx_cryp_des.o(i.CRYP_DES_ECB) refers to stm32f2xx_cryp.o(i.CRYP_FIFOFlush) for CRYP_FIFOFlush
    stm32f2xx_cryp_des.o(i.CRYP_DES_ECB) refers to stm32f2xx_cryp.o(i.CRYP_Cmd) for CRYP_Cmd
    stm32f2xx_cryp_des.o(i.CRYP_DES_ECB) refers to stm32f2xx_cryp.o(i.CRYP_DataIn) for CRYP_DataIn
    stm32f2xx_cryp_des.o(i.CRYP_DES_ECB) refers to stm32f2xx_cryp.o(i.CRYP_GetFlagStatus) for CRYP_GetFlagStatus
[...]
    Removing stm32f2xx_adc.o(i.ADC_StructInit), (20 bytes).
    Removing stm32f2xx_adc.o(i.ADC_TempSensorVrefintCmd), (44 bytes).
    Removing stm32f2xx_adc.o(i.ADC_VBATCmd), (44 bytes).
    Removing stm32f2xx_can.o(i.CAN_CancelTransmit), (48 bytes).
    Removing stm32f2xx_can.o(i.CAN_ClearFlag), (56 bytes).
    Removing stm32f2xx_can.o(i.CAN_ClearITPendingBit), (168 bytes).
    Removing stm32f2xx_can.o(i.CAN_DBGFreeze), (22 bytes).
    Removing stm32f2xx_can.o(i.CAN_FIFORelease), (22 bytes).
    Removing stm32f2xx_can.o(i.CAN_GetFlagStatus), (120 bytes).
    Removing stm32f2xx_can.o(i.CAN_GetITStatus), (288 bytes).
    Removing stm32f2xx_can.o(i.CAN_GetLSBTransmitErrorCounter), (12 bytes).
    Removing stm32f2xx_can.o(i.CAN_GetLastErrorCode), (12 bytes).
    Removing stm32f2xx_can.o(i.CAN_GetReceiveErrorCounter), (10 bytes).
    Removing stm32f2xx_can.o(i.CAN_MessagePending), (30 bytes).
    Removing stm32f2xx_can.o(i.CAN_OperatingModeRequest), (162 bytes).
    Removing stm32f2xx_can.o(i.CAN_SlaveStartBank), (52 bytes).
    Removing stm32f2xx_can.o(i.CAN_Sleep), (30 bytes).
    Removing stm32f2xx_can.o(i.CAN_StructInit), (32 bytes).
    Removing stm32f2xx_can.o(i.CAN_TTComModeCmd), (118 bytes).
    Removing stm32f2xx_can.o(i.CAN_WakeUp), (48 bytes).
    Removing stm32f2xx_can.o(i.CheckITStatus), (18 bytes).
    Removing stm32f2xx_crc.o(i.CRC_CalcBlockCRC), (36 bytes).
    Removing stm32f2xx_crc.o(i.CRC_CalcCRC), (16 bytes).
    Removing stm32f2xx_crc.o(i.CRC_GetCRC), (12 bytes).
    Removing stm32f2xx_crc.o(i.CRC_GetIDRegister), (12 bytes).
    Removing stm32f2xx_crc.o(i.CRC_ResetDR), (12 bytes).
    Removing stm32f2xx_crc.o(i.CRC_SetIDRegister), (12 bytes).
    Removing stm32f2xx_cryp.o(i.CRYP_Cmd), (36 bytes).
    Removing stm32f2xx_cryp.o(i.CRYP_DMACmd), (36 bytes).
    Removing stm32f2xx_cryp.o(i.CRYP_DataIn), (12 bytes).
    Removing stm32f2xx_cryp.o(i.CRYP_DataOut), (12 bytes).
    Removing stm32f2xx_cryp.o(i.CRYP_DeInit), (20 bytes).
    Removing stm32f2xx_cryp.o(i.CRYP_FIFOFlush), (20 bytes).
    Removing stm32f2xx_cryp.o(i.CRYP_GetFlagStatus), (40 bytes).
    Removing stm32f2xx_cryp.o(i.CRYP_GetITStatus), (24 bytes).
    Removing stm32f2xx_cryp.o(i.CRYP_ITConfig), (36 bytes).
    Removing stm32f2xx_cryp.o(i.CRYP_IVInit), (24 bytes).
    Removing stm32f2xx_cryp.o(i.CRYP_IVStructInit), (12 bytes).
    Removing stm32f2xx_cryp.o(i.CRYP_Init), (124 bytes).
    Removing stm32f2xx_cryp.o(i.CRYP_KeyInit), (40 bytes).
    Removing stm32f2xx_cryp.o(i.CRYP_KeyStructInit), (20 bytes).
    Removing stm32f2xx_cryp.o(i.CRYP_RestoreContext), (72 bytes).
    Removing stm32f2xx_cryp.o(i.CRYP_SaveContext), (180 bytes).
    Removing stm32f2xx_cryp.o(i.CRYP_StructInit), (12 bytes).
    Removing stm32f2xx_cryp_aes.o(i.CRYP_AES_CBC), (550 bytes).
    Removing stm32f2xx_cryp_aes.o(i.CRYP_AES_CTR), (470 bytes).
    Removing stm32f2xx_cryp_aes.o(i.CRYP_AES_ECB), (504 bytes).
    Removing stm32f2xx_cryp_des.o(i.CRYP_DES_CBC), (246 bytes).
    Removing stm32f2xx_cryp_des.o(i.CRYP_DES_ECB), (222 bytes).
    Removing stm32f2xx_cryp_tdes.o(i.CRYP_TDES_CBC), (278 bytes).
    Removing stm32f2xx_cryp_tdes.o(i.CRYP_TDES_ECB), (254 bytes).
    Removing stm32f2xx_dac.o(i.DAC_ClearFlag), (16 bytes).
    Removing stm32f2xx_dac.o(i.DAC_ClearITPendingBit), (16 bytes).
    Removing stm32f2xx_dac.o(i.DAC_Cmd), (40 bytes).
    Removing stm32f2xx_dac.o(i.DAC_DMACmd), (44 bytes).
    Removing stm32f2xx_dac.o(i.DAC_DeInit), (22 bytes).
    Removing stm32f2xx_dac.o(i.DAC_DualSoftwareTriggerCmd), (36 bytes).
    Removing stm32f2xx_dac.o(i.DAC_GetDataOutputValue), (36 bytes).
    Removing stm32f2xx_dac.o(i.DAC_GetFlagStatus), (32 bytes).
    Removing stm32f2xx_dac.o(i.DAC_GetITStatus), (48 bytes).
    Removing stm32f2xx_dac.o(i.DAC_ITConfig), (40 bytes).
    Removing stm32f2xx_dac.o(i.DAC_Init), (52 bytes).
    Removing stm32f2xx_dac.o(i.DAC_SetChannel1Data), (32 bytes).
    Removing stm32f2xx_dac.o(i.DAC_SetChannel2Data), (32 bytes).
    Removing stm32f2xx_dac.o(i.DAC_SetDualChannelData), (36 bytes).
    Removing stm32f2xx_dac.o(i.DAC_SoftwareTriggerCmd), (44 bytes).
    Removing stm32f2xx_dac.o(i.DAC_StructInit), (12 bytes).
    Removing stm32f2xx_dac.o(i.DAC_WaveGenerationCmd), (40 bytes).
    Removing stm32f2xx_dbgmcu.o(i.DBGMCU_APB1PeriphConfig), (32 bytes).
    Removing stm32f2xx_dbgmcu.o(i.DBGMCU_APB2PeriphConfig), (32 bytes).
    Removing stm32f2xx_dbgmcu.o(i.DBGMCU_Config), (32 bytes).
    Removing stm32f2xx_dbgmcu.o(i.DBGMCU_GetDEVID), (16 bytes).
    Removing stm32f2xx_dbgmcu.o(i.DBGMCU_GetREVID), (12 bytes).
    Removing stm32f2xx_dcmi.o(i.DCMI_CROPCmd), (36 bytes).
    Removing stm32f2xx_dcmi.o(i.DCMI_CROPConfig), (32 bytes).
    Removing stm32f2xx_dcmi.o(i.DCMI_CaptureCmd), (36 bytes).
    Removing stm32f2xx_dcmi.o(i.DCMI_ClearFlag), (12 bytes).
    Removing stm32f2xx_dcmi.o(i.DCMI_ClearITPendingBit), (12 bytes).
    Removing stm32f2xx_dcmi.o(i.DCMI_Cmd), (36 bytes).
    Removing stm32f2xx_dcmi.o(i.DCMI_DeInit), (28 bytes).
    Removing stm32f2xx_dcmi.o(i.DCMI_GetFlagStatus), (52 bytes).
    Removing stm32f2xx_dcmi.o(i.DCMI_GetITStatus), (28 bytes).
    Removing stm32f2xx_dcmi.o(i.DCMI_ITConfig), (36 bytes).
    Removing stm32f2xx_dcmi.o(i.DCMI_Init), (64 bytes).
    Removing stm32f2xx_dcmi.o(i.DCMI_JPEGCmd), (36 bytes).
    Removing stm32f2xx_dcmi.o(i.DCMI_ReadData), (12 bytes).
    Removing stm32f2xx_dcmi.o(i.DCMI_SetEmbeddedSynchroCodes), (32 bytes).
    Removing stm32f2xx_dcmi.o(i.DCMI_StructInit), (18 bytes).
    Removing stm32f2xx_dma.o(i.DMA_ClearFlag), (52 bytes).
    Removing stm32f2xx_dma.o(i.DMA_ClearITPendingBit), (52 bytes).
    Removing stm32f2xx_dma.o(i.DMA_Cmd), (22 bytes).
    Removing stm32f2xx_dma.o(i.DMA_DeInit), (344 bytes).
    Removing stm32f2xx_dma.o(i.DMA_DoubleBufferModeCmd), (22 bytes).
    Removing stm32f2xx_dma.o(i.DMA_DoubleBufferModeConfig), (24 bytes).
    Removing stm32f2xx_dma.o(i.DMA_FlowControllerConfig), (22 bytes).
    Removing stm32f2xx_dma.o(i.DMA_GetCmdStatus), (20 bytes).
    Removing stm32f2xx_dma.o(i.DMA_GetCurrDataCounter), (8 bytes).
    Removing stm32f2xx_dma.o(i.DMA_GetCurrentMemoryTarget), (20 bytes).
    Removing stm32f2xx_dma.o(i.DMA_GetFIFOStatus), (12 bytes).
    Removing stm32f2xx_dma.o(i.DMA_GetFlagStatus), (68 bytes).
    Removing stm32f2xx_dma.o(i.DMA_GetITStatus), (100 bytes).
    Removing stm32f2xx_dma.o(i.DMA_ITConfig), (58 bytes).
    Removing stm32f2xx_dma.o(i.DMA_Init), (88 bytes).
    Removing stm32f2xx_dma.o(i.DMA_MemoryTargetConfig), (10 bytes).
    Removing stm32f2xx_dma.o(i.DMA_PeriphIncOffsetSizeConfig), (22 bytes).
    Removing stm32f2xx_dma.o(i.DMA_SetCurrDataCounter), (4 bytes).
    Removing stm32f2xx_dma.o(i.DMA_StructInit), (34 bytes).
    Removing stm32f2xx_exti.o(i.EXTI_ClearFlag), (12 bytes).
    Removing stm32f2xx_exti.o(i.EXTI_ClearITPendingBit), (12 bytes).
    Removing stm32f2xx_exti.o(i.EXTI_DeInit), (36 bytes).
    Removing stm32f2xx_exti.o(i.EXTI_GenerateSWInterrupt), (16 bytes).
    Removing stm32f2xx_exti.o(i.EXTI_GetFlagStatus), (24 bytes).
    Removing stm32f2xx_exti.o(i.EXTI_GetITStatus), (40 bytes).
    Removing stm32f2xx_exti.o(i.EXTI_Init), (148 bytes).
    Removing stm32f2xx_exti.o(i.EXTI_StructInit), (16 bytes).
    Removing stm32f2xx_flash.o(i.FLASH_ClearFlag), (12 bytes).
    Removing stm32f2xx_flash.o(i.FLASH_DataCacheCmd), (36 bytes).
    Removing stm32f2xx_flash.o(i.FLASH_DataCacheReset), (20 bytes).
    Removing stm32f2xx_flash.o(i.FLASH_EraseAllSectors), (108 bytes).
    Removing stm32f2xx_flash.o(i.FLASH_EraseSector), (136 bytes).
    Removing stm32f2xx_flash.o(i.FLASH_GetFlagStatus), (24 bytes).
    Removing stm32f2xx_flash.o(i.FLASH_GetStatus), (72 bytes).
    Removing stm32f2xx_flash.o(i.FLASH_ITConfig), (32 bytes).
    Removing stm32f2xx_flash.o(i.FLASH_InstructionCacheCmd), (36 bytes).
    Removing stm32f2xx_flash.o(i.FLASH_InstructionCacheReset), (20 bytes).
    Removing stm32f2xx_flash.o(i.FLASH_Lock), (20 bytes).
    Removing stm32f2xx_flash.o(i.FLASH_OB_BORConfig), (28 bytes).
    Removing stm32f2xx_flash.o(i.FLASH_OB_GetBOR), (16 bytes).
    Removing stm32f2xx_flash.o(i.FLASH_OB_GetRDP), (24 bytes).
    Removing stm32f2xx_flash.o(i.FLASH_OB_GetUser), (16 bytes).
    Removing stm32f2xx_flash.o(i.FLASH_OB_GetWRP), (12 bytes).
    Removing stm32f2xx_flash.o(i.FLASH_OB_Launch), (32 bytes).
    Removing stm32f2xx_flash.o(i.FLASH_OB_Lock), (20 bytes).
    Removing stm32f2xx_flash.o(i.FLASH_OB_RDPConfig), (28 bytes).
    Removing stm32f2xx_flash.o(i.FLASH_OB_Unlock), (36 bytes).
    Removing stm32f2xx_flash.o(i.FLASH_OB_UserConfig), (48 bytes).
    Removing stm32f2xx_flash.o(i.FLASH_OB_WRPConfig), (52 bytes).
    Removing stm32f2xx_flash.o(i.FLASH_PrefetchBufferCmd), (36 bytes).
    Removing stm32f2xx_flash.o(i.FLASH_ProgramByte), (76 bytes).
    Removing stm32f2xx_flash.o(i.FLASH_ProgramDoubleWord), (84 bytes).
    Removing stm32f2xx_flash.o(i.FLASH_ProgramHalfWord), (80 bytes).
    Removing stm32f2xx_flash.o(i.FLASH_ProgramWord), (80 bytes).
    Removing stm32f2xx_flash.o(i.FLASH_SetLatency), (12 bytes).
    Removing stm32f2xx_flash.o(i.FLASH_Unlock), (36 bytes).
    Removing stm32f2xx_flash.o(i.FLASH_WaitForLastOperation), (34 bytes).
    Removing stm32f2xx_fsmc.o(i.FSMC_ClearFlag), (64 bytes).
    Removing stm32f2xx_fsmc.o(i.FSMC_ClearITPendingBit), (72 bytes).
    Removing stm32f2xx_fsmc.o(i.FSMC_GetECC), (28 bytes).
    Removing stm32f2xx_fsmc.o(i.FSMC_GetFlagStatus), (56 bytes).
    Removing stm32f2xx_fsmc.o(i.FSMC_GetITStatus), (68 bytes).
    Removing stm32f2xx_fsmc.o(i.FSMC_ITConfig), (128 bytes).
    Removing stm32f2xx_fsmc.o(i.FSMC_NANDCmd), (92 bytes).
    Removing stm32f2xx_fsmc.o(i.FSMC_NANDDeInit), (68 bytes).
    Removing stm32f2xx_fsmc.o(i.FSMC_NANDECCCmd), (92 bytes).
    Removing stm32f2xx_fsmc.o(i.FSMC_NANDInit), (136 bytes).
    Removing stm32f2xx_fsmc.o(i.FSMC_NANDStructInit), (54 bytes).
    Removing stm32f2xx_fsmc.o(i.FSMC_NORSRAMDeInit), (54 bytes).
    Removing stm32f2xx_fsmc.o(i.FSMC_NORSRAMStructInit), (114 bytes).
    Removing stm32f2xx_fsmc.o(i.FSMC_PCCARDCmd), (48 bytes).
    Removing stm32f2xx_fsmc.o(i.FSMC_PCCARDDeInit), (40 bytes).
    Removing stm32f2xx_fsmc.o(i.FSMC_PCCARDInit), (132 bytes).
    Removing stm32f2xx_fsmc.o(i.FSMC_PCCARDStructInit), (60 bytes).
    Removing stm32f2xx_hash.o(i.HASH_ClearFlag), (12 bytes).
    Removing stm32f2xx_hash.o(i.HASH_ClearITPendingBit), (16 bytes).
    Removing stm32f2xx_hash.o(i.HASH_DMACmd), (36 bytes).
    Removing stm32f2xx_hash.o(i.HASH_DataIn), (12 bytes).
    Removing stm32f2xx_hash.o(i.HASH_DeInit), (20 bytes).
    Removing stm32f2xx_hash.o(i.HASH_GetDigest), (44 bytes).
    Removing stm32f2xx_hash.o(i.HASH_GetFlagStatus), (44 bytes).
    Removing stm32f2xx_hash.o(i.HASH_GetITStatus), (32 bytes).
    Removing stm32f2xx_hash.o(i.HASH_GetInFIFOWordsNbr), (16 bytes).
    Removing stm32f2xx_hash.o(i.HASH_ITConfig), (36 bytes).
    Removing stm32f2xx_hash.o(i.HASH_Init), (80 bytes).
    Removing stm32f2xx_hash.o(i.HASH_Reset), (20 bytes).
    Removing stm32f2xx_hash.o(i.HASH_RestoreContext), (68 bytes).
    Removing stm32f2xx_hash.o(i.HASH_SaveContext), (60 bytes).
    Removing stm32f2xx_hash.o(i.HASH_SetLastWordValidBitsNbr), (28 bytes).
    Removing stm32f2xx_hash.o(i.HASH_StartDigest), (20 bytes).
    Removing stm32f2xx_hash.o(i.HASH_StructInit), (12 bytes).
    Removing stm32f2xx_hash_md5.o(i.HASH_MD5), (180 bytes).
    Removing stm32f2xx_hash_md5.o(i.HMAC_MD5), (354 bytes).
    Removing stm32f2xx_hash_sha1.o(i.HASH_SHA1), (186 bytes).
    Removing stm32f2xx_hash_sha1.o(i.HMAC_SHA1), (362 bytes).
    Removing stm32f2xx_i2c.o(i.I2C_ARPCmd), (24 bytes).
    Removing stm32f2xx_i2c.o(i.I2C_AcknowledgeConfig), (24 bytes).
    Removing stm32f2xx_i2c.o(i.I2C_CalculatePEC), (24 bytes).
    Removing stm32f2xx_i2c.o(i.I2C_CheckEvent), (42 bytes).
    Removing stm32f2xx_i2c.o(i.I2C_ClearFlag), (12 bytes).
    Removing stm32f2xx_i2c.o(i.I2C_ClearITPendingBit), (12 bytes).
    Removing stm32f2xx_i2c.o(i.I2C_Cmd), (24 bytes).
    Removing stm32f2xx_i2c.o(i.I2C_DMACmd), (24 bytes).
    Removing stm32f2xx_i2c.o(i.I2C_DMALastTransferCmd), (24 bytes).
    Removing stm32f2xx_i2c.o(i.I2C_DeInit), (96 bytes).
    Removing stm32f2xx_i2c.o(i.I2C_DualAddressCmd), (24 bytes).
    Removing stm32f2xx_i2c.o(i.I2C_FastModeDutyCycleConfig), (28 bytes).
    Removing stm32f2xx_i2c.o(i.I2C_GeneralCallCmd), (24 bytes).
    Removing stm32f2xx_i2c.o(i.I2C_GenerateSTART), (24 bytes).
    Removing stm32f2xx_i2c.o(i.I2C_GenerateSTOP), (24 bytes).
    Removing stm32f2xx_i2c.o(i.I2C_GetFlagStatus), (58 bytes).
    Removing stm32f2xx_i2c.o(i.I2C_GetITStatus), (38 bytes).
    Removing stm32f2xx_i2c.o(i.I2C_GetLastEvent), (26 bytes).
    Removing stm32f2xx_i2c.o(i.I2C_GetPEC), (8 bytes).
    Removing stm32f2xx_i2c.o(i.I2C_ITConfig), (18 bytes).
    Removing stm32f2xx_i2c.o(i.I2C_Init), (232 bytes).
    Removing stm32f2xx_i2c.o(i.I2C_NACKPositionConfig), (28 bytes).
    Removing stm32f2xx_i2c.o(i.I2C_OwnAddress2Config), (22 bytes).
    Removing stm32f2xx_i2c.o(i.I2C_PECPositionConfig), (28 bytes).
    Removing stm32f2xx_i2c.o(i.I2C_ReadRegister), (22 bytes).
    Removing stm32f2xx_i2c.o(i.I2C_ReceiveData), (8 bytes).
    Removing stm32f2xx_i2c.o(i.I2C_SMBusAlertConfig), (28 bytes).
    Removing stm32f2xx_i2c.o(i.I2C_Send7bitAddress), (16 bytes).
    Removing stm32f2xx_i2c.o(i.I2C_SendData), (4 bytes).
    Removing stm32f2xx_i2c.o(i.I2C_SoftwareResetCmd), (22 bytes).
    Removing stm32f2xx_i2c.o(i.I2C_StretchClockCmd), (24 bytes).
    Removing stm32f2xx_i2c.o(i.I2C_StructInit), (30 bytes).
    Removing stm32f2xx_i2c.o(i.I2C_TransmitPEC), (24 bytes).
    Removing stm32f2xx_iwdg.o(i.IWDG_Enable), (16 bytes).
    Removing stm32f2xx_iwdg.o(i.IWDG_GetFlagStatus), (24 bytes).
    Removing stm32f2xx_iwdg.o(i.IWDG_ReloadCounter), (16 bytes).
    Removing stm32f2xx_iwdg.o(i.IWDG_SetPrescaler), (12 bytes).
    Removing stm32f2xx_iwdg.o(i.IWDG_SetReload), (12 bytes).
    Removing stm32f2xx_iwdg.o(i.IWDG_WriteAccessCmd), (12 bytes).
    Removing stm32f2xx_pwr.o(i.PWR_BackupAccessCmd), (12 bytes).
    Removing stm32f2xx_pwr.o(i.PWR_BackupRegulatorCmd), (12 bytes).
    Removing stm32f2xx_pwr.o(i.PWR_ClearFlag), (20 bytes).
    Removing stm32f2xx_pwr.o(i.PWR_DeInit), (22 bytes).
    Removing stm32f2xx_pwr.o(i.PWR_EnterSTANDBYMode), (52 bytes).
    Removing stm32f2xx_pwr.o(i.PWR_EnterSTOPMode), (64 bytes).
    Removing stm32f2xx_pwr.o(i.PWR_FlashPowerDownCmd), (12 bytes).
    Removing stm32f2xx_pwr.o(i.PWR_GetFlagStatus), (24 bytes).
    Removing stm32f2xx_pwr.o(i.PWR_PVDCmd), (12 bytes).
    Removing stm32f2xx_pwr.o(i.PWR_PVDLevelConfig), (24 bytes).
    Removing stm32f2xx_pwr.o(i.PWR_WakeUpPinCmd), (12 bytes).
    Removing stm32f2xx_rcc.o(i.RCC_AHB1PeriphClockLPModeCmd), (32 bytes).
    Removing stm32f2xx_rcc.o(i.RCC_AHB1PeriphResetCmd), (32 bytes).
    Removing stm32f2xx_rcc.o(i.RCC_AHB2PeriphClockCmd), (32 bytes).
    Removing stm32f2xx_rcc.o(i.RCC_AHB2PeriphClockLPModeCmd), (32 bytes).
    Removing stm32f2xx_rcc.o(i.RCC_AHB2PeriphResetCmd), (32 bytes).
    Removing stm32f2xx_rcc.o(i.RCC_AHB3PeriphClockLPModeCmd), (32 bytes).
    Removing stm32f2xx_rcc.o(i.RCC_AHB3PeriphResetCmd), (32 bytes).
    Removing stm32f2xx_rcc.o(i.RCC_APB1PeriphClockLPModeCmd), (32 bytes).
    Removing stm32f2xx_rcc.o(i.RCC_APB2PeriphClockLPModeCmd), (32 bytes).
    Removing stm32f2xx_rcc.o(i.RCC_AdjustHSICalibrationValue), (24 bytes).
    Removing stm32f2xx_rcc.o(i.RCC_BackupResetCmd), (12 bytes).
    Removing stm32f2xx_rcc.o(i.RCC_ClearFlag), (20 bytes).
    Removing stm32f2xx_rcc.o(i.RCC_ClearITPendingBit), (12 bytes).
    Removing stm32f2xx_rcc.o(i.RCC_ClockSecuritySystemCmd), (12 bytes).
    Removing stm32f2xx_rcc.o(i.RCC_DeInit), (72 bytes).
    Removing stm32f2xx_rcc.o(i.RCC_GetFlagStatus), (64 bytes).
    Removing stm32f2xx_rcc.o(i.RCC_GetITStatus), (24 bytes).
    Removing stm32f2xx_rcc.o(i.RCC_GetSYSCLKSource), (16 bytes).
    Removing stm32f2xx_rcc.o(i.RCC_HCLKConfig), (24 bytes).
    Removing stm32f2xx_rcc.o(i.RCC_HSEConfig), (16 bytes).
    Removing stm32f2xx_rcc.o(i.RCC_HSICmd), (12 bytes).
    Removing stm32f2xx_rcc.o(i.RCC_I2SCLKConfig), (12 bytes).
    Removing stm32f2xx_rcc.o(i.RCC_ITConfig), (32 bytes).
    Removing stm32f2xx_rcc.o(i.RCC_LSEConfig), (44 bytes).
    Removing stm32f2xx_rcc.o(i.RCC_LSICmd), (12 bytes).
    Removing stm32f2xx_rcc.o(i.RCC_MCO1Config), (28 bytes).
    Removing stm32f2xx_rcc.o(i.RCC_MCO2Config), (28 bytes).
    Removing stm32f2xx_rcc.o(i.RCC_PCLK1Config), (24 bytes).
    Removing stm32f2xx_rcc.o(i.RCC_PCLK2Config), (24 bytes).
    Removing stm32f2xx_rcc.o(i.RCC_PLLCmd), (12 bytes).
    Removing stm32f2xx_rcc.o(i.RCC_PLLConfig), (36 bytes).
    Removing stm32f2xx_rcc.o(i.RCC_PLLI2SCmd), (12 bytes).
    Removing stm32f2xx_rcc.o(i.RCC_PLLI2SConfig), (16 bytes).
    Removing stm32f2xx_rcc.o(i.RCC_RTCCLKCmd), (12 bytes).
    Removing stm32f2xx_rcc.o(i.RCC_RTCCLKConfig), (60 bytes).
    Removing stm32f2xx_rcc.o(i.RCC_SYSCLKConfig), (24 bytes).
    Removing stm32f2xx_rcc.o(i.RCC_WaitForHSEStartUp), (56 bytes).
    Removing stm32f2xx_rng.o(i.RNG_ClearFlag), (16 bytes).
    Removing stm32f2xx_rng.o(i.RNG_ClearITPendingBit), (16 bytes).
    Removing stm32f2xx_rng.o(i.RNG_Cmd), (36 bytes).
    Removing stm32f2xx_rng.o(i.RNG_DeInit), (20 bytes).
    Removing stm32f2xx_rng.o(i.RNG_GetFlagStatus), (24 bytes).
    Removing stm32f2xx_rng.o(i.RNG_GetITStatus), (24 bytes).
    Removing stm32f2xx_rng.o(i.RNG_GetRandomNumber), (12 bytes).
    Removing stm32f2xx_rng.o(i.RNG_ITConfig), (36 bytes).
    Removing stm32f2xx_rtc.o(i.RTC_AlarmCmd), (116 bytes).
    Removing stm32f2xx_rtc.o(i.RTC_AlarmStructInit), (22 bytes).
    Removing stm32f2xx_rtc.o(i.RTC_Bcd2ToByte), (22 bytes).
    Removing stm32f2xx_rtc.o(i.RTC_ByteToBcd2), (28 bytes).
    Removing stm32f2xx_rtc.o(i.RTC_CalibOutputCmd), (60 bytes).
    Removing stm32f2xx_rtc.o(i.RTC_ClearFlag), (28 bytes).
    Removing stm32f2xx_rtc.o(i.RTC_ClearITPendingBit), (32 bytes).
    Removing stm32f2xx_rtc.o(i.RTC_CoarseCalibCmd), (80 bytes).
    Removing stm32f2xx_rtc.o(i.RTC_CoarseCalibConfig), (56 bytes).
    Removing stm32f2xx_rtc.o(i.RTC_DateStructInit), (14 bytes).
    Removing stm32f2xx_rtc.o(i.RTC_DayLightSavingConfig), (56 bytes).
    Removing stm32f2xx_rtc.o(i.RTC_DeInit), (192 bytes).
    Removing stm32f2xx_rtc.o(i.RTC_EnterInitMode), (80 bytes).
    Removing stm32f2xx_rtc.o(i.RTC_ExitInitMode), (20 bytes).
    Removing stm32f2xx_rtc.o(i.RTC_GetAlarm), (116 bytes).
    Removing stm32f2xx_rtc.o(i.RTC_GetDate), (76 bytes).
    Removing stm32f2xx_rtc.o(i.RTC_GetFlagStatus), (40 bytes).
    Removing stm32f2xx_rtc.o(i.RTC_GetITStatus), (64 bytes).
    Removing stm32f2xx_rtc.o(i.RTC_GetStoreOperation), (16 bytes).
    Removing stm32f2xx_rtc.o(i.RTC_GetTime), (80 bytes).
    Removing stm32f2xx_rtc.o(i.RTC_GetTimeStamp), (156 bytes).
    Removing stm32f2xx_rtc.o(i.RTC_GetWakeUpCounter), (12 bytes).
    Removing stm32f2xx_rtc.o(i.RTC_ITConfig), (100 bytes).
    Removing stm32f2xx_rtc.o(i.RTC_Init), (100 bytes).
    Removing stm32f2xx_rtc.o(i.RTC_OutputConfig), (56 bytes).
    Removing stm32f2xx_rtc.o(i.RTC_OutputTypeConfig), (28 bytes).
    Removing stm32f2xx_rtc.o(i.RTC_ReadBackupRegister), (32 bytes).
    Removing stm32f2xx_rtc.o(i.RTC_RefClockCmd), (80 bytes).
    Removing stm32f2xx_rtc.o(i.RTC_SetAlarm), (236 bytes).
    Removing stm32f2xx_rtc.o(i.RTC_SetDate), (184 bytes).
    Removing stm32f2xx_rtc.o(i.RTC_SetTime), (192 bytes).
    Removing stm32f2xx_rtc.o(i.RTC_SetWakeUpCounter), (28 bytes).
    Removing stm32f2xx_rtc.o(i.RTC_StructInit), (14 bytes).
    Removing stm32f2xx_rtc.o(i.RTC_TamperCmd), (32 bytes).
    Removing stm32f2xx_rtc.o(i.RTC_TamperPinSelection), (28 bytes).
    Removing stm32f2xx_rtc.o(i.RTC_TamperTriggerConfig), (36 bytes).
    Removing stm32f2xx_rtc.o(i.RTC_TimeStampCmd), (56 bytes).
    Removing stm32f2xx_rtc.o(i.RTC_TimeStampPinSelection), (28 bytes).
    Removing stm32f2xx_rtc.o(i.RTC_TimeStructInit), (12 bytes).
    Removing stm32f2xx_rtc.o(i.RTC_WaitForSynchro), (96 bytes).
    Removing stm32f2xx_rtc.o(i.RTC_WakeUpClockConfig), (48 bytes).
    Removing stm32f2xx_rtc.o(i.RTC_WakeUpCmd), (120 bytes).
    Removing stm32f2xx_rtc.o(i.RTC_WriteBackupRegister), (28 bytes).
    Removing stm32f2xx_rtc.o(i.RTC_WriteProtectionCmd), (28 bytes).
    Removing stm32f2xx_sdio.o(i.SDIO_CEATAITCmd), (16 bytes).
    Removing stm32f2xx_sdio.o(i.SDIO_ClearFlag), (12 bytes).
    Removing stm32f2xx_sdio.o(i.SDIO_ClearITPendingBit), (12 bytes).
    Removing stm32f2xx_sdio.o(i.SDIO_ClockCmd), (12 bytes).
    Removing stm32f2xx_sdio.o(i.SDIO_CmdStructInit), (14 bytes).
    Removing stm32f2xx_sdio.o(i.SDIO_CommandCompletionCmd), (12 bytes).
    Removing stm32f2xx_sdio.o(i.SDIO_DMACmd), (12 bytes).
    Removing stm32f2xx_sdio.o(i.SDIO_DataConfig), (52 bytes).
    Removing stm32f2xx_sdio.o(i.SDIO_DataStructInit), (20 bytes).
    Removing stm32f2xx_sdio.o(i.SDIO_DeInit), (22 bytes).
    Removing stm32f2xx_sdio.o(i.SDIO_GetCommandResponse), (12 bytes).
    Removing stm32f2xx_sdio.o(i.SDIO_GetDataCounter), (12 bytes).
    Removing stm32f2xx_sdio.o(i.SDIO_GetFIFOCount), (12 bytes).
    Removing stm32f2xx_sdio.o(i.SDIO_GetFlagStatus), (24 bytes).
    Removing stm32f2xx_sdio.o(i.SDIO_GetITStatus), (24 bytes).
    Removing stm32f2xx_sdio.o(i.SDIO_GetPowerState), (16 bytes).
    Removing stm32f2xx_sdio.o(i.SDIO_GetResponse), (24 bytes).
    Removing stm32f2xx_sdio.o(i.SDIO_ITConfig), (32 bytes).
    Removing stm32f2xx_sdio.o(i.SDIO_Init), (48 bytes).
    Removing stm32f2xx_sdio.o(i.SDIO_ReadData), (12 bytes).
    Removing stm32f2xx_sdio.o(i.SDIO_SendCEATACmd), (12 bytes).
    Removing stm32f2xx_sdio.o(i.SDIO_SendCommand), (44 bytes).
    Removing stm32f2xx_sdio.o(i.SDIO_SendSDIOSuspendCmd), (12 bytes).
    Removing stm32f2xx_sdio.o(i.SDIO_SetPowerState), (12 bytes).
    Removing stm32f2xx_sdio.o(i.SDIO_SetSDIOOperation), (12 bytes).
    Removing stm32f2xx_sdio.o(i.SDIO_SetSDIOReadWaitMode), (12 bytes).
    Removing stm32f2xx_sdio.o(i.SDIO_StartSDIOReadWait), (12 bytes).
    Removing stm32f2xx_sdio.o(i.SDIO_StopSDIOReadWait), (12 bytes).
    Removing stm32f2xx_sdio.o(i.SDIO_StructInit), (16 bytes).
    Removing stm32f2xx_sdio.o(i.SDIO_WriteData), (12 bytes).
    Removing stm32f2xx_spi.o(i.I2S_Cmd), (24 bytes).
    Removing stm32f2xx_spi.o(i.I2S_Init), (360 bytes).
    Removing stm32f2xx_spi.o(i.I2S_StructInit), (20 bytes).
    Removing stm32f2xx_spi.o(i.SPI_BiDirectionalLineConfig), (28 bytes).
    Removing stm32f2xx_spi.o(i.SPI_CalculateCRC), (24 bytes).
    Removing stm32f2xx_spi.o(i.SPI_Cmd), (24 bytes).
    Removing stm32f2xx_spi.o(i.SPI_DataSizeConfig), (18 bytes).
    Removing stm32f2xx_spi.o(i.SPI_GetCRC), (16 bytes).
    Removing stm32f2xx_spi.o(i.SPI_GetCRCPolynomial), (6 bytes).
    Removing stm32f2xx_spi.o(i.SPI_I2S_ClearFlag), (6 bytes).
    Removing stm32f2xx_spi.o(i.SPI_I2S_ClearITPendingBit), (20 bytes).
    Removing stm32f2xx_spi.o(i.SPI_I2S_DMACmd), (18 bytes).
    Removing stm32f2xx_spi.o(i.SPI_I2S_DeInit), (88 bytes).
    Removing stm32f2xx_spi.o(i.SPI_I2S_GetFlagStatus), (18 bytes).
    Removing stm32f2xx_spi.o(i.SPI_I2S_GetITStatus), (52 bytes).
    Removing stm32f2xx_spi.o(i.SPI_I2S_ITConfig), (32 bytes).
    Removing stm32f2xx_spi.o(i.SPI_I2S_ReceiveData), (6 bytes).
    Removing stm32f2xx_spi.o(i.SPI_I2S_SendData), (4 bytes).
    Removing stm32f2xx_spi.o(i.SPI_Init), (60 bytes).
    Removing stm32f2xx_spi.o(i.SPI_NSSInternalSoftwareConfig), (30 bytes).
    Removing stm32f2xx_spi.o(i.SPI_SSOutputCmd), (24 bytes).
    Removing stm32f2xx_spi.o(i.SPI_StructInit), (24 bytes).
    Removing stm32f2xx_spi.o(i.SPI_TIModeCmd), (24 bytes).
    Removing stm32f2xx_spi.o(i.SPI_TransmitCRC), (10 bytes).
    Removing stm32f2xx_syscfg.o(i.SYSCFG_CompensationCellCmd), (12 bytes).
    Removing stm32f2xx_syscfg.o(i.SYSCFG_DeInit), (22 bytes).
    Removing stm32f2xx_syscfg.o(i.SYSCFG_ETH_MediaInterfaceConfig), (12 bytes).
    Removing stm32f2xx_syscfg.o(i.SYSCFG_EXTILineConfig), (64 bytes).
    Removing stm32f2xx_syscfg.o(i.SYSCFG_GetCompensationCellStatus), (24 bytes).
    Removing stm32f2xx_syscfg.o(i.SYSCFG_MemoryRemapConfig), (12 bytes).
    Removing stm32f2xx_tim.o(i.TI1_Config), (58 bytes).
    Removing stm32f2xx_tim.o(i.TI2_Config), (80 bytes).
    Removing stm32f2xx_tim.o(i.TI3_Config), (72 bytes).
    Removing stm32f2xx_tim.o(i.TI4_Config), (80 bytes).
    Removing stm32f2xx_tim.o(i.TIM_ARRPreloadConfig), (24 bytes).
    Removing stm32f2xx_tim.o(i.TIM_BDTRConfig), (32 bytes).
    Removing stm32f2xx_tim.o(i.TIM_BDTRStructInit), (18 bytes).
    Removing stm32f2xx_tim.o(i.TIM_CCPreloadControl), (24 bytes).
    Removing stm32f2xx_tim.o(i.TIM_CCxCmd), (30 bytes).
    Removing stm32f2xx_tim.o(i.TIM_CCxNCmd), (30 bytes).
    Removing stm32f2xx_tim.o(i.TIM_ClearFlag), (6 bytes).
    Removing stm32f2xx_tim.o(i.TIM_ClearOC1Ref), (18 bytes).
    Removing stm32f2xx_tim.o(i.TIM_ClearOC2Ref), (24 bytes).
    Removing stm32f2xx_tim.o(i.TIM_ClearOC3Ref), (18 bytes).
    Removing stm32f2xx_tim.o(i.TIM_ClearOC4Ref), (24 bytes).
    Removing stm32f2xx_tim.o(i.TIM_CounterModeConfig), (18 bytes).
    Removing stm32f2xx_tim.o(i.TIM_CtrlPWMOutputs), (30 bytes).
    Removing stm32f2xx_tim.o(i.TIM_DMACmd), (18 bytes).
    Removing stm32f2xx_tim.o(i.TIM_DMAConfig), (10 bytes).
    Removing stm32f2xx_tim.o(i.TIM_DeInit), (400 bytes).
    Removing stm32f2xx_tim.o(i.TIM_ETRClockMode1Config), (54 bytes).
    Removing stm32f2xx_tim.o(i.TIM_ETRClockMode2Config), (32 bytes).
    Removing stm32f2xx_tim.o(i.TIM_ETRConfig), (28 bytes).
    Removing stm32f2xx_tim.o(i.TIM_EncoderInterfaceConfig), (66 bytes).
    Removing stm32f2xx_tim.o(i.TIM_ForcedOC1Config), (18 bytes).
    Removing stm32f2xx_tim.o(i.TIM_ForcedOC2Config), (26 bytes).
    Removing stm32f2xx_tim.o(i.TIM_ForcedOC3Config), (18 bytes).
    Removing stm32f2xx_tim.o(i.TIM_ForcedOC4Config), (26 bytes).
    Removing stm32f2xx_tim.o(i.TIM_GenerateEvent), (4 bytes).
    Removing stm32f2xx_tim.o(i.TIM_GetCapture1), (6 bytes).
    Removing stm32f2xx_tim.o(i.TIM_GetCapture2), (6 bytes).
    Removing stm32f2xx_tim.o(i.TIM_GetCapture3), (6 bytes).
    Removing stm32f2xx_tim.o(i.TIM_GetCapture4), (6 bytes).
    Removing stm32f2xx_tim.o(i.TIM_GetCounter), (6 bytes).
    Removing stm32f2xx_tim.o(i.TIM_GetFlagStatus), (18 bytes).
    Removing stm32f2xx_tim.o(i.TIM_GetPrescaler), (6 bytes).
    Removing stm32f2xx_tim.o(i.TIM_ICInit), (110 bytes).
    Removing stm32f2xx_tim.o(i.TIM_ICStructInit), (18 bytes).
    Removing stm32f2xx_tim.o(i.TIM_ITRxExternalClockConfig), (24 bytes).
    Removing stm32f2xx_tim.o(i.TIM_InternalClockConfig), (12 bytes).
    Removing stm32f2xx_tim.o(i.TIM_OC1FastConfig), (18 bytes).
    Removing stm32f2xx_tim.o(i.TIM_OC1Init), (124 bytes).
    Removing stm32f2xx_tim.o(i.TIM_OC1NPolarityConfig), (18 bytes).
    Removing stm32f2xx_tim.o(i.TIM_OC1PolarityConfig), (18 bytes).
    Removing stm32f2xx_tim.o(i.TIM_OC1PreloadConfig), (18 bytes).
    Removing stm32f2xx_tim.o(i.TIM_OC2FastConfig), (26 bytes).
    Removing stm32f2xx_tim.o(i.TIM_OC2Init), (164 bytes).
    Removing stm32f2xx_tim.o(i.TIM_OC2NPolarityConfig), (26 bytes).
    Removing stm32f2xx_tim.o(i.TIM_OC2PolarityConfig), (26 bytes).
    Removing stm32f2xx_tim.o(i.TIM_OC2PreloadConfig), (26 bytes).
    Removing stm32f2xx_tim.o(i.TIM_OC3FastConfig), (18 bytes).
    Removing stm32f2xx_tim.o(i.TIM_OC3Init), (160 bytes).
    Removing stm32f2xx_tim.o(i.TIM_OC3NPolarityConfig), (26 bytes).
    Removing stm32f2xx_tim.o(i.TIM_OC3PolarityConfig), (26 bytes).
    Removing stm32f2xx_tim.o(i.TIM_OC3PreloadConfig), (18 bytes).
    Removing stm32f2xx_tim.o(i.TIM_OC4FastConfig), (26 bytes).
    Removing stm32f2xx_tim.o(i.TIM_OC4Init), (120 bytes).
    Removing stm32f2xx_tim.o(i.TIM_OC4PolarityConfig), (26 bytes).
    Removing stm32f2xx_tim.o(i.TIM_OC4PreloadConfig), (26 bytes).
    Removing stm32f2xx_tim.o(i.TIM_OCStructInit), (20 bytes).
    Removing stm32f2xx_tim.o(i.TIM_PWMIConfig), (124 bytes).
    Removing stm32f2xx_tim.o(i.TIM_PrescalerConfig), (6 bytes).
    Removing stm32f2xx_tim.o(i.TIM_RemapConfig), (6 bytes).
    Removing stm32f2xx_tim.o(i.TIM_SelectCCDMA), (24 bytes).
    Removing stm32f2xx_tim.o(i.TIM_SelectCOM), (24 bytes).
    Removing stm32f2xx_tim.o(i.TIM_SelectHallSensor), (24 bytes).
    Removing stm32f2xx_tim.o(i.TIM_SelectInputTrigger), (18 bytes).
    Removing stm32f2xx_tim.o(i.TIM_SelectMasterSlaveMode), (18 bytes).
    Removing stm32f2xx_tim.o(i.TIM_SelectOCxM), (86 bytes).
    Removing stm32f2xx_tim.o(i.TIM_SelectOnePulseMode), (18 bytes).
    Removing stm32f2xx_tim.o(i.TIM_SelectOutputTrigger), (18 bytes).
    Removing stm32f2xx_tim.o(i.TIM_SelectSlaveMode), (18 bytes).
    Removing stm32f2xx_tim.o(i.TIM_SetAutoreload), (4 bytes).
    Removing stm32f2xx_tim.o(i.TIM_SetClockDivision), (18 bytes).
    Removing stm32f2xx_tim.o(i.TIM_SetCompare1), (4 bytes).
    Removing stm32f2xx_tim.o(i.TIM_SetCompare2), (4 bytes).
    Removing stm32f2xx_tim.o(i.TIM_SetCompare3), (4 bytes).
    Removing stm32f2xx_tim.o(i.TIM_SetCompare4), (4 bytes).
    Removing stm32f2xx_tim.o(i.TIM_SetCounter), (4 bytes).
    Removing stm32f2xx_tim.o(i.TIM_SetIC1Prescaler), (18 bytes).
    Removing stm32f2xx_tim.o(i.TIM_SetIC2Prescaler), (26 bytes).
    Removing stm32f2xx_tim.o(i.TIM_SetIC3Prescaler), (18 bytes).
    Removing stm32f2xx_tim.o(i.TIM_SetIC4Prescaler), (26 bytes).
    Removing stm32f2xx_tim.o(i.TIM_TIxExternalClockConfig), (62 bytes).
    Removing stm32f2xx_tim.o(i.TIM_TimeBaseStructInit), (18 bytes).
    Removing stm32f2xx_tim.o(i.TIM_UpdateDisableConfig), (24 bytes).
    Removing stm32f2xx_tim.o(i.TIM_UpdateRequestConfig), (24 bytes).
    Removing stm32f2xx_usart.o(i.USART_ClearFlag), (18 bytes).
    Removing stm32f2xx_usart.o(i.USART_ClearITPendingBit), (30 bytes).
    Removing stm32f2xx_usart.o(i.USART_ClockInit), (32 bytes).
    Removing stm32f2xx_usart.o(i.USART_ClockStructInit), (12 bytes).
    Removing stm32f2xx_usart.o(i.USART_DMACmd), (18 bytes).
    Removing stm32f2xx_usart.o(i.USART_DeInit), (180 bytes).
    Removing stm32f2xx_usart.o(i.USART_GetFlagStatus), (26 bytes).
    Removing stm32f2xx_usart.o(i.USART_HalfDuplexCmd), (24 bytes).
    Removing stm32f2xx_usart.o(i.USART_IrDACmd), (24 bytes).
    Removing stm32f2xx_usart.o(i.USART_IrDAConfig), (18 bytes).
    Removing stm32f2xx_usart.o(i.USART_LINBreakDetectLengthConfig), (18 bytes).
    Removing stm32f2xx_usart.o(i.USART_LINCmd), (24 bytes).
    Removing stm32f2xx_usart.o(i.USART_OneBitMethodCmd), (24 bytes).
    Removing stm32f2xx_usart.o(i.USART_OverSampling8Cmd), (22 bytes).
    Removing stm32f2xx_usart.o(i.USART_ReceiverWakeUpCmd), (24 bytes).
    Removing stm32f2xx_usart.o(i.USART_SendBreak), (10 bytes).
    Removing stm32f2xx_usart.o(i.USART_SendData), (8 bytes).
    Removing stm32f2xx_usart.o(i.USART_SetAddress), (18 bytes).
    Removing stm32f2xx_usart.o(i.USART_SetGuardTime), (16 bytes).
    Removing stm32f2xx_usart.o(i.USART_SetPrescaler), (16 bytes).
    Removing stm32f2xx_usart.o(i.USART_SmartCardCmd), (24 bytes).
    Removing stm32f2xx_usart.o(i.USART_SmartCardNACKCmd), (24 bytes).
    Removing stm32f2xx_usart.o(i.USART_StructInit), (24 bytes).
    Removing stm32f2xx_usart.o(i.USART_WakeUpConfig), (18 bytes).
    Removing stm32f2xx_wwdg.o(i.WWDG_ClearFlag), (12 bytes).
    Removing stm32f2xx_wwdg.o(i.WWDG_DeInit), (22 bytes).
    Removing stm32f2xx_wwdg.o(i.WWDG_Enable), (16 bytes).
    Removing stm32f2xx_wwdg.o(i.WWDG_EnableIT), (12 bytes).
    Removing stm32f2xx_wwdg.o(i.WWDG_GetFlagStatus), (20 bytes).
    Removing stm32f2xx_wwdg.o(i.WWDG_SetCounter), (16 bytes).
    Removing stm32f2xx_wwdg.o(i.WWDG_SetPrescaler), (24 bytes).
    Removing stm32f2xx_wwdg.o(i.WWDG_SetWindowValue), (40 bytes).
    Removing stm32f2xx_gpio.o(i.GPIO_DeInit), (256 bytes).
    Removing stm32f2xx_gpio.o(i.GPIO_PinLockConfig), (34 bytes).
    Removing stm32f2xx_gpio.o(i.GPIO_ReadInputData), (8 bytes).
    Removing stm32f2xx_gpio.o(i.GPIO_ReadInputDataBit), (18 bytes).
    Removing stm32f2xx_gpio.o(i.GPIO_ReadOutputData), (8 bytes).
    Removing stm32f2xx_gpio.o(i.GPIO_ReadOutputDataBit), (18 bytes).
    Removing stm32f2xx_gpio.o(i.GPIO_StructInit), (18 bytes).
    Removing stm32f2xx_gpio.o(i.GPIO_ToggleBits), (8 bytes).
    Removing stm32f2xx_gpio.o(i.GPIO_Write), (4 bytes).
    Removing stm32f2xx_gpio.o(i.GPIO_WriteBit), (10 bytes).
    Removing core_cm3.o(.emb_text), (32 bytes).
    Removing system_stm32f2xx.o(i.SystemCoreClockUpdate), (192 bytes).
    Removing system_stm32f2xx.o(.data), (20 bytes).
    Removing delay.o(i.delay_us), (54 bytes).
    Removing can.o(i.CAN1_Receive_Msg), (64 bytes).
    Removing usart.o(i._sys_exit), (6 bytes).
    Removing usart.o(i.fgetc), (32 bytes).
    Removing adc.o(i.Get_Adc), (48 bytes).
    Removing adc.o(i.Get_Adc_Average), (46 bytes).
    Removing stmflash.o(i.STMFLASH_GetFlashSector), (160 bytes).
    Removing stmflash.o(i.STMFLASH_Write), (152 bytes).
    Removing stmflash.o(.data), (33 bytes).
    Removing dadd.o(.text), (334 bytes).
    Removing dmul.o(.text), (228 bytes).
    Removing ddiv.o(.text), (222 bytes).
    Removing dfixul.o(.text), (48 bytes).
    Removing cdrcmple.o(.text), (48 bytes).
    Removing depilogue.o(.text), (186 bytes).

564 unused section(s) (total 25739 bytes) removed from the image.

==============================================================================

Image Symbol Table

    Local Symbols

    Symbol Name                              Value     Ov Type        Size  Object(Section)

    ../clib/microlib/division.c              0x00000000   Number         0  uldiv.o ABSOLUTE
    ../clib/microlib/division.c              0x00000000   Number         0  uidiv.o ABSOLUTE
    ../clib/microlib/init/entry.s            0x00000000   Number         0  entry9b.o ABSOLUTE
    ../clib/microlib/init/entry.s            0x00000000   Number         0  entry5.o ABSOLUTE
    ../clib/microlib/init/entry.s            0x00000000   Number         0  entry9a.o ABSOLUTE
    ../clib/microlib/init/entry.s            0x00000000   Number         0  entry8b.o ABSOLUTE
    ../clib/microlib/init/entry.s            0x00000000   Number         0  entry8a.o ABSOLUTE
    ../clib/microlib/init/entry.s            0x00000000   Number         0  entry7b.o ABSOLUTE
    ../clib/microlib/init/entry.s            0x00000000   Number         0  entry11a.o ABSOLUTE
    ../clib/microlib/init/entry.s            0x00000000   Number         0  entry10b.o ABSOLUTE
    ../clib/microlib/init/entry.s            0x00000000   Number         0  entry10a.o ABSOLUTE
    ../clib/microlib/init/entry.s            0x00000000   Number         0  entry.o ABSOLUTE
    ../clib/microlib/init/entry.s            0x00000000   Number         0  entry11b.o ABSOLUTE
    ../clib/microlib/init/entry.s            0x00000000   Number         0  entry2.o ABSOLUTE
    ../clib/microlib/init/entry.s            0x00000000   Number         0  entry7a.o ABSOLUTE
    ../clib/microlib/longlong.c              0x00000000   Number         0  llshl.o ABSOLUTE
    ../clib/microlib/longlong.c              0x00000000   Number         0  llushr.o ABSOLUTE
    ../clib/microlib/longlong.c              0x00000000   Number         0  llsshr.o ABSOLUTE
    ../clib/microlib/malloc/malloc.c         0x00000000   Number         0  mallocr.o ABSOLUTE
    ../clib/microlib/malloc/malloc.c         0x00000000   Number         0  malloca.o ABSOLUTE
    ../clib/microlib/malloc/malloc.c         0x00000000   Number         0  malloc.o ABSOLUTE
    ../clib/microlib/malloc/malloc.c         0x00000000   Number         0  mallocra.o ABSOLUTE
    ../clib/microlib/malloc/mvars.c          0x00000000   Number         0  mvars.o ABSOLUTE
    ../clib/microlib/printf/printf.c         0x00000000   Number         0  printf5.o ABSOLUTE
    ../clib/microlib/printf/printf.c         0x00000000   Number         0  printf4.o ABSOLUTE
    ../clib/microlib/printf/printf.c         0x00000000   Number         0  printf3.o ABSOLUTE
    ../clib/microlib/printf/printf.c         0x00000000   Number         0  printf2.o ABSOLUTE
    ../clib/microlib/printf/printf.c         0x00000000   Number         0  printf1.o ABSOLUTE
    ../clib/microlib/printf/printf.c         0x00000000   Number         0  printf0.o ABSOLUTE
    ../clib/microlib/printf/printf.c         0x00000000   Number         0  printfb.o ABSOLUTE
    ../clib/microlib/printf/printf.c         0x00000000   Number         0  printfa.o ABSOLUTE
    ../clib/microlib/printf/printf.c         0x00000000   Number         0  printf8.o ABSOLUTE
    ../clib/microlib/printf/printf.c         0x00000000   Number         0  printf7.o ABSOLUTE
    ../clib/microlib/printf/printf.c         0x00000000   Number         0  printf6.o ABSOLUTE
    ../clib/microlib/printf/stubs.s          0x00000000   Number         0  stubs.o ABSOLUTE
    ../clib/microlib/string/memcpy.c         0x00000000   Number         0  memcpyb.o ABSOLUTE
    ../clib/microlib/string/memcpy.c         0x00000000   Number         0  memcpya.o ABSOLUTE
    ../clib/microlib/stubs.s                 0x00000000   Number         0  iusefp.o ABSOLUTE
    ../clib/microlib/stubs.s                 0x00000000   Number         0  useno.o ABSOLUTE
    ../fplib/microlib/fpadd.c                0x00000000   Number         0  dadd.o ABSOLUTE
    ../fplib/microlib/fpdiv.c                0x00000000   Number         0  ddiv.o ABSOLUTE
    ../fplib/microlib/fpepilogue.c           0x00000000   Number         0  depilogue.o ABSOLUTE
    ../fplib/microlib/fpfix.c                0x00000000   Number         0  dfixul.o ABSOLUTE
    ../fplib/microlib/fpmul.c                0x00000000   Number         0  dmul.o ABSOLUTE
    ..\Libraries\CMSIS\CM3\CoreSupport\core_cm3.c 0x00000000   Number         0  core_cm3.o ABSOLUTE
    ..\Libraries\CMSIS\CM3\DeviceSupport\ST\STM32F2xx\startup\arm\startup_stm32f2xx.s 0x00000000   Number         0  startup_stm32f2xx.o ABSOLUTE
    ..\Libraries\CMSIS\CM3\DeviceSupport\ST\STM32F2xx\system_stm32f2xx.c 0x00000000   Number         0  system_stm32f2xx.o ABSOLUTE
    ..\Libraries\STM32F2xx_StdPeriph_Driver\src\misc.c 0x00000000   Number         0  misc.o ABSOLUTE
    ..\Libraries\STM32F2xx_StdPeriph_Driver\src\stm32f2xx_adc.c 0x00000000   Number         0  stm32f2xx_adc.o ABSOLUTE
    ..\Libraries\STM32F2xx_StdPeriph_Driver\src\stm32f2xx_can.c 0x00000000   Number         0  stm32f2xx_can.o ABSOLUTE
    ..\Libraries\STM32F2xx_StdPeriph_Driver\src\stm32f2xx_crc.c 0x00000000   Number         0  stm32f2xx_crc.o ABSOLUTE
    ..\Libraries\STM32F2xx_StdPeriph_Driver\src\stm32f2xx_cryp.c 0x00000000   Number         0  stm32f2xx_cryp.o ABSOLUTE
    ..\Libraries\STM32F2xx_StdPeriph_Driver\src\stm32f2xx_cryp_aes.c 0x00000000   Number         0  stm32f2xx_cryp_aes.o ABSOLUTE
    ..\Libraries\STM32F2xx_StdPeriph_Driver\src\stm32f2xx_cryp_des.c 0x00000000   Number         0  stm32f2xx_cryp_des.o ABSOLUTE
    ..\Libraries\STM32F2xx_StdPeriph_Driver\src\stm32f2xx_cryp_tdes.c 0x00000000   Number         0  stm32f2xx_cryp_tdes.o ABSOLUTE
    ..\Libraries\STM32F2xx_StdPeriph_Driver\src\stm32f2xx_dac.c 0x00000000   Number         0  stm32f2xx_dac.o ABSOLUTE
    ..\Libraries\STM32F2xx_StdPeriph_Driver\src\stm32f2xx_dbgmcu.c 0x00000000   Number         0  stm32f2xx_dbgmcu.o ABSOLUTE
    ..\Libraries\STM32F2xx_StdPeriph_Driver\src\stm32f2xx_dcmi.c 0x00000000   Number         0  stm32f2xx_dcmi.o ABSOLUTE
    ..\Libraries\STM32F2xx_StdPeriph_Driver\src\stm32f2xx_dma.c 0x00000000   Number         0  stm32f2xx_dma.o ABSOLUTE
    ..\Libraries\STM32F2xx_StdPeriph_Driver\src\stm32f2xx_exti.c 0x00000000   Number         0  stm32f2xx_exti.o ABSOLUTE
    ..\Libraries\STM32F2xx_StdPeriph_Driver\src\stm32f2xx_flash.c 0x00000000   Number         0  stm32f2xx_flash.o ABSOLUTE
    ..\Libraries\STM32F2xx_StdPeriph_Driver\src\stm32f2xx_fsmc.c 0x00000000   Number         0  stm32f2xx_fsmc.o ABSOLUTE
    ..\Libraries\STM32F2xx_StdPeriph_Driver\src\stm32f2xx_gpio.c 0x00000000   Number         0  stm32f2xx_gpio.o ABSOLUTE
    ..\Libraries\STM32F2xx_StdPeriph_Driver\src\stm32f2xx_hash.c 0x00000000   Number         0  stm32f2xx_hash.o ABSOLUTE
    ..\Libraries\STM32F2xx_StdPeriph_Driver\src\stm32f2xx_hash_md5.c 0x00000000   Number         0  stm32f2xx_hash_md5.o ABSOLUTE
    ..\Libraries\STM32F2xx_StdPeriph_Driver\src\stm32f2xx_hash_sha1.c 0x00000000   Number         0  stm32f2xx_hash_sha1.o ABSOLUTE
    ..\Libraries\STM32F2xx_StdPeriph_Driver\src\stm32f2xx_i2c.c 0x00000000   Number         0  stm32f2xx_i2c.o ABSOLUTE
    ..\Libraries\STM32F2xx_StdPeriph_Driver\src\stm32f2xx_iwdg.c 0x00000000   Number         0  stm32f2xx_iwdg.o ABSOLUTE
    ..\Libraries\STM32F2xx_StdPeriph_Driver\src\stm32f2xx_pwr.c 0x00000000   Number         0  stm32f2xx_pwr.o ABSOLUTE
    ..\Libraries\STM32F2xx_StdPeriph_Driver\src\stm32f2xx_rcc.c 0x00000000   Number         0  stm32f2xx_rcc.o ABSOLUTE
    ..\Libraries\STM32F2xx_StdPeriph_Driver\src\stm32f2xx_rng.c 0x00000000   Number         0  stm32f2xx_rng.o ABSOLUTE
    ..\Libraries\STM32F2xx_StdPeriph_Driver\src\stm32f2xx_rtc.c 0x00000000   Number         0  stm32f2xx_rtc.o ABSOLUTE
    ..\Libraries\STM32F2xx_StdPeriph_Driver\src\stm32f2xx_sdio.c 0x00000000   Number         0  stm32f2xx_sdio.o ABSOLUTE
    ..\Libraries\STM32F2xx_StdPeriph_Driver\src\stm32f2xx_spi.c 0x00000000   Number         0  stm32f2xx_spi.o ABSOLUTE
    ..\Libraries\STM32F2xx_StdPeriph_Driver\src\stm32f2xx_syscfg.c 0x00000000   Number         0  stm32f2xx_syscfg.o ABSOLUTE
    ..\Libraries\STM32F2xx_StdPeriph_Driver\src\stm32f2xx_tim.c 0x00000000   Number         0  stm32f2xx_tim.o ABSOLUTE
    ..\Libraries\STM32F2xx_StdPeriph_Driver\src\stm32f2xx_usart.c 0x00000000   Number         0  stm32f2xx_usart.o ABSOLUTE
    ..\Libraries\STM32F2xx_StdPeriph_Driver\src\stm32f2xx_wwdg.c 0x00000000   Number         0  stm32f2xx_wwdg.o ABSOLUTE
    ..\\Libraries\\CMSIS\\CM3\\CoreSupport\\core_cm3.c 0x00000000   Number         0  core_cm3.o ABSOLUTE
    ..\app\adc.c                             0x00000000   Number         0  adc.o ABSOLUTE
    ..\app\can.c                             0x00000000   Number         0  can.o ABSOLUTE
    ..\app\delay.c                           0x00000000   Number         0  delay.o ABSOLUTE
    ..\app\gpio.c                            0x00000000   Number         0  gpio.o ABSOLUTE
    ..\app\list.c                            0x00000000   Number         0  list.o ABSOLUTE
    ..\app\sram.c                            0x00000000   Number         0  sram.o ABSOLUTE
    ..\app\stmflash.c                        0x00000000   Number         0  stmflash.o ABSOLUTE
    ..\app\tim.c                             0x00000000   Number         0  tim.o ABSOLUTE
    ..\app\usart.c                           0x00000000   Number         0  usart.o ABSOLUTE
    ..\user\main.c                           0x00000000   Number         0  main.o ABSOLUTE
    ..\user\stm32f2xx_it.c                   0x00000000   Number         0  stm32f2xx_it.o ABSOLUTE
    cdrcmple.s                               0x00000000   Number         0  cdrcmple.o ABSOLUTE
    dc.s                                     0x00000000   Number         0  dc.o ABSOLUTE
    handlers.s                               0x00000000   Number         0  handlers.o ABSOLUTE
    init.s                                   0x00000000   Number         0  init.o ABSOLUTE
    RESET                                    0x08010000   Section      388  startup_stm32f2xx.o(RESET)
    .ARM.Collect$$$$00000000                 0x08010184   Section        0  entry.o(.ARM.Collect$$$$00000000)
    .ARM.Collect$$$$00000001                 0x08010184   Section        4  entry2.o(.ARM.Collect$$$$00000001)
    .ARM.Collect$$$$00000004                 0x08010188   Section        4  entry5.o(.ARM.Collect$$$$00000004)
    .ARM.Collect$$$$00000008                 0x0801018c   Section        0  entry7b.o(.ARM.Collect$$$$00000008)
    .ARM.Collect$$$$0000000A                 0x0801018c   Section        0  entry8b.o(.ARM.Collect$$$$0000000A)
    .ARM.Collect$$$$0000000B                 0x0801018c   Section        8  entry9a.o(.ARM.Collect$$$$0000000B)
    .ARM.Collect$$$$0000000D                 0x08010194   Section        0  entry10a.o(.ARM.Collect$$$$0000000D)
    .ARM.Collect$$$$0000000F                 0x08010194   Section        0  entry11a.o(.ARM.Collect$$$$0000000F)
    .ARM.Collect$$$$00002712                 0x08010194   Section        4  entry2.o(.ARM.Collect$$$$00002712)
    __lit__00000000                          0x08010194   Data           4  entry2.o(.ARM.Collect$$$$00002712)
    .text                                    0x08010198   Section       36  startup_stm32f2xx.o(.text)
    .text                                    0x080101bc   Section        0  uidiv.o(.text)
    .text                                    0x080101e8   Section       36  init.o(.text)
    i.ADC_Cmd                                0x0801020c   Section        0  stm32f2xx_adc.o(i.ADC_Cmd)
    i.ADC_CommonInit                         0x08010224   Section        0  stm32f2xx_adc.o(i.ADC_CommonInit)
    i.ADC_Init                               0x08010254   Section        0  stm32f2xx_adc.o(i.ADC_Init)
    i.Adc_Init                               0x080102a8   Section        0  adc.o(i.Adc_Init)
    i.BusFault_Handler                       0x0801032c   Section        0  stm32f2xx_it.o(i.BusFault_Handler)
    i.CAN1_Mode_Init                         0x08010330   Section        0  can.o(i.CAN1_Mode_Init)
    i.CAN1_RX0_IRQHandler                    0x08010434   Section        0  can.o(i.CAN1_RX0_IRQHandler)
    i.CAN1_Send_Msg                          0x08010464   Section        0  can.o(i.CAN1_Send_Msg)
    i.CAN_DeInit                             0x080104d8   Section        0  stm32f2xx_can.o(i.CAN_DeInit)
    i.CAN_FilterInit                         0x08010510   Section        0  stm32f2xx_can.o(i.CAN_FilterInit)
    i.CAN_ITConfig                           0x08010618   Section        0  stm32f2xx_can.o(i.CAN_ITConfig)
    i.CAN_Init                               0x0801062a   Section        0  stm32f2xx_can.o(i.CAN_Init)
    i.CAN_Receive                            0x0801073e   Section        0  stm32f2xx_can.o(i.CAN_Receive)
    i.CAN_Transmit                           0x0801082e   Section        0  stm32f2xx_can.o(i.CAN_Transmit)
    i.CAN_TransmitStatus                     0x08010954   Section        0  stm32f2xx_can.o(i.CAN_TransmitStatus)
    i.DebugMon_Handler                       0x080109f4   Section        0  stm32f2xx_it.o(i.DebugMon_Handler)
    i.FSMC_NORSRAMCmd                        0x080109f8   Section        0  stm32f2xx_fsmc.o(i.FSMC_NORSRAMCmd)
    i.FSMC_NORSRAMInit                       0x08010a2c   Section        0  stm32f2xx_fsmc.o(i.FSMC_NORSRAMInit)
    i.FSMC_SRAM_Init                         0x08010b12   Section        0  sram.o(i.FSMC_SRAM_Init)
    i.Flash_Init                             0x08010b78   Section        0  stmflash.o(i.Flash_Init)
    i.GPIO_Init                              0x08010b9c   Section        0  stm32f2xx_gpio.o(i.GPIO_Init)
    i.GPIO_PinAFConfig                       0x08010c2c   Section        0  stm32f2xx_gpio.o(i.GPIO_PinAFConfig)
    i.GPIO_ResetBits                         0x08010c72   Section        0  stm32f2xx_gpio.o(i.GPIO_ResetBits)
    i.GPIO_SetBits                           0x08010c76   Section        0  stm32f2xx_gpio.o(i.GPIO_SetBits)
    i.GPIO__Init                             0x08010c7c   Section        0  gpio.o(i.GPIO__Init)
    i.HardFault_Handler                      0x08010e68   Section        0  stm32f2xx_it.o(i.HardFault_Handler)
    i.LED_DISABLE                            0x08010e6c   Section        0  gpio.o(i.LED_DISABLE)
    i.LED_ENABLE                             0x08010f38   Section        0  gpio.o(i.LED_ENABLE)
    i.LED_Init                               0x08010fb4   Section        0  gpio.o(i.LED_Init)
    i.LED_SHOW                               0x08010fe4   Section        0  gpio.o(i.LED_SHOW)
    i.List_Init                              0x080112b0   Section        0  list.o(i.List_Init)
    i.MemManage_Handler                      0x080112f4   Section        0  stm32f2xx_it.o(i.MemManage_Handler)
    i.NMI_Handler                            0x080112f8   Section        0  stm32f2xx_it.o(i.NMI_Handler)
    i.NVIC_Init                              0x080112fc   Section        0  misc.o(i.NVIC_Init)
    i.NVIC_PriorityGroupConfig               0x08011374   Section        0  misc.o(i.NVIC_PriorityGroupConfig)
    i.PendSV_Handler                         0x08011388   Section        0  stm32f2xx_it.o(i.PendSV_Handler)
    i.RCC_AHB1PeriphClockCmd                 0x0801138c   Section        0  stm32f2xx_rcc.o(i.RCC_AHB1PeriphClockCmd)
    i.RCC_AHB3PeriphClockCmd                 0x080113ac   Section        0  stm32f2xx_rcc.o(i.RCC_AHB3PeriphClockCmd)
    i.RCC_APB1PeriphClockCmd                 0x080113cc   Section        0  stm32f2xx_rcc.o(i.RCC_APB1PeriphClockCmd)
    i.RCC_APB1PeriphResetCmd                 0x080113ec   Section        0  stm32f2xx_rcc.o(i.RCC_APB1PeriphResetCmd)
    i.RCC_APB2PeriphClockCmd                 0x0801140c   Section        0  stm32f2xx_rcc.o(i.RCC_APB2PeriphClockCmd)
    i.RCC_APB2PeriphResetCmd                 0x0801142c   Section        0  stm32f2xx_rcc.o(i.RCC_APB2PeriphResetCmd)
    i.RCC_GetClocksFreq                      0x0801144c   Section        0  stm32f2xx_rcc.o(i.RCC_GetClocksFreq)
    i.STMFLASH_Read                          0x08011534   Section        0  stmflash.o(i.STMFLASH_Read)
    i.STMFLASH_ReadWord                      0x08011554   Section        0  stmflash.o(i.STMFLASH_ReadWord)
    i.SVC_Handler                            0x0801155a   Section        0  stm32f2xx_it.o(i.SVC_Handler)
    i.SetSysClock                            0x0801155c   Section        0  system_stm32f2xx.o(i.SetSysClock)
    SetSysClock                              0x0801155d   Thumb Code   192  system_stm32f2xx.o(i.SetSysClock)
    i.SystemInit                             0x08011628   Section        0  system_stm32f2xx.o(i.SystemInit)
    i.TIM3_IRQHandler                        0x08011684   Section        0  tim.o(i.TIM3_IRQHandler)
    i.TIM_ClearITPendingBit                  0x080116e4   Section        0  stm32f2xx_tim.o(i.TIM_ClearITPendingBit)
    i.TIM_Cmd                                0x080116ea   Section        0  stm32f2xx_tim.o(i.TIM_Cmd)
    i.TIM_GetITStatus                        0x08011702   Section        0  stm32f2xx_tim.o(i.TIM_GetITStatus)
    i.TIM_ITConfig                           0x08011724   Section        0  stm32f2xx_tim.o(i.TIM_ITConfig)
    i.TIM_TimeBaseInit                       0x08011738   Section        0  stm32f2xx_tim.o(i.TIM_TimeBaseInit)
    i.TIM__Init                              0x080117bc   Section        0  tim.o(i.TIM__Init)
    i.USART1_IRQHandler                      0x0801181c   Section        0  usart.o(i.USART1_IRQHandler)
    i.USART_Cmd                              0x08011950   Section        0  stm32f2xx_usart.o(i.USART_Cmd)
    i.USART_GetITStatus                      0x08011968   Section        0  stm32f2xx_usart.o(i.USART_GetITStatus)
    i.USART_ITConfig                         0x080119bc   Section        0  stm32f2xx_usart.o(i.USART_ITConfig)
    i.USART_Init                             0x08011a08   Section        0  stm32f2xx_usart.o(i.USART_Init)
    i.USART_ReceiveData                      0x08011adc   Section        0  stm32f2xx_usart.o(i.USART_ReceiveData)
    i.UsageFault_Handler                     0x08011ae6   Section        0  stm32f2xx_it.o(i.UsageFault_Handler)
    i.__0printf$3                            0x08011aec   Section        0  printf3.o(i.__0printf$3)
    i.__scatterload_copy                     0x08011b0c   Section       14  handlers.o(i.__scatterload_copy)
    i.__scatterload_null                     0x08011b1a   Section        2  handlers.o(i.__scatterload_null)
    i.__scatterload_zeroinit                 0x08011b1c   Section       14  handlers.o(i.__scatterload_zeroinit)
    i._printf_core                           0x08011b2c   Section        0  printf3.o(i._printf_core)
    _printf_core                             0x08011b2d   Thumb Code   436  printf3.o(i._printf_core)
    i.append                                 0x08011ce4   Section        0  list.o(i.append)
    i.delay_ms                               0x08011d28   Section        0  delay.o(i.delay_ms)
    i.delet                                  0x08011d60   Section        0  list.o(i.delet)
    i.fputc                                  0x08011dac   Section        0  usart.o(i.fputc)
    i.insert                                 0x08011dc8   Section        0  list.o(i.insert)
    i.main                                   0x08011e14   Section        0  main.o(i.main)
    i.malloc                                 0x08011e90   Section        0  malloc.o(i.malloc)
    i.print                                  0x08011efc   Section        0  list.o(i.print)
    i.uart_init                              0x08011f34   Section        0  usart.o(i.uart_init)
    .data                                    0x20000000   Section       16  stm32f2xx_rcc.o(.data)
    APBAHBPrescTable                         0x20000000   Data          16  stm32f2xx_rcc.o(.data)
    .data                                    0x20000010   Section        2  gpio.o(.data)
    .data                                    0x20000014   Section        4  tim.o(.data)
    .data                                    0x20000018   Section       16  usart.o(.data)
    .data                                    0x20000028   Section        8  list.o(.data)
    .data                                    0x20000030   Section        4  mvars.o(.data)
    .data                                    0x20000034   Section        4  mvars.o(.data)
    .bss                                     0x20000038   Section      200  usart.o(.bss)
    .bss                                     0x20000100   Section        9  stmflash.o(.bss)
    HEAP                                     0x20000110   Section     1024  startup_stm32f2xx.o(HEAP)
    STACK                                    0x20000510   Section     1024  startup_stm32f2xx.o(STACK)
    .ARM.__AT_0x68000000                     0x68000000   Section    500000  gpio.o(.ARM.__AT_0x68000000)

    Global Symbols

    Symbol Name                              Value     Ov Type        Size  Object(Section)

    BuildAttributes$$THM_ISAv4$P$D$K$B$S$PE$A:L22UL41UL21$X:L11$S22US41US21$IEEE1$IW$USESV6$~STKCKD$USESV7$~SHL$OSPACE$ROPI$EBA8$MICROLIB$REQ8$PRES8$EABIv2 0x00000000   Number         0  anon$$obj.o ABSOLUTE
    __ARM_use_no_argv                        0x00000000   Number         0  main.o ABSOLUTE
    __use_no_errno                           0x00000000   Number         0  useno.o ABSOLUTE
    __use_no_exception_handling              0x00000000   Number         0  useno.o ABSOLUTE
    __use_no_fp                              0x00000000   Number         0  useno.o ABSOLUTE
    __use_no_heap                            0x00000000   Number         0  useno.o ABSOLUTE
    __use_no_heap_region                     0x00000000   Number         0  useno.o ABSOLUTE
    __use_no_semihosting                     0x00000000   Number         0  useno.o ABSOLUTE
    __use_no_semihosting_swi                 0x00000000   Number         0  useno.o ABSOLUTE
    __use_no_signal_handling                 0x00000000   Number         0  useno.o ABSOLUTE
    _printf_a                                0x00000000   Number         0  stubs.o ABSOLUTE
    _printf_c                                0x00000000   Number         0  stubs.o ABSOLUTE
    _printf_charcount                        0x00000000   Number         0  stubs.o ABSOLUTE
    _printf_d                                0x00000000   Number         0  stubs.o ABSOLUTE
    _printf_e                                0x00000000   Number         0  stubs.o ABSOLUTE
    _printf_f                                0x00000000   Number         0  stubs.o ABSOLUTE
    _printf_flags                            0x00000000   Number         0  stubs.o ABSOLUTE
    _printf_fp_dec                           0x00000000   Number         0  stubs.o ABSOLUTE
    _printf_fp_hex                           0x00000000   Number         0  stubs.o ABSOLUTE
    _printf_g                                0x00000000   Number         0  stubs.o ABSOLUTE
    _printf_i                                0x00000000   Number         0  stubs.o ABSOLUTE
    _printf_int_dec                          0x00000000   Number         0  stubs.o ABSOLUTE
    _printf_l                                0x00000000   Number         0  stubs.o ABSOLUTE
    _printf_lc                               0x00000000   Number         0  stubs.o ABSOLUTE
    _printf_ll                               0x00000000   Number         0  stubs.o ABSOLUTE
    _printf_lld                              0x00000000   Number         0  stubs.o ABSOLUTE
    _printf_lli                              0x00000000   Number         0  stubs.o ABSOLUTE
    _printf_llo                              0x00000000   Number         0  stubs.o ABSOLUTE
    _printf_llu                              0x00000000   Number         0  stubs.o ABSOLUTE
    _printf_llx                              0x00000000   Number         0  stubs.o ABSOLUTE
    _printf_longlong_dec                     0x00000000   Number         0  stubs.o ABSOLUTE
    _printf_longlong_hex                     0x00000000   Number         0  stubs.o ABSOLUTE
    _printf_longlong_oct                     0x00000000   Number         0  stubs.o ABSOLUTE
    _printf_ls                               0x00000000   Number         0  stubs.o ABSOLUTE
    _printf_mbtowc                           0x00000000   Number         0  stubs.o ABSOLUTE
    _printf_n                                0x00000000   Number         0  stubs.o ABSOLUTE
    _printf_o                                0x00000000   Number         0  stubs.o ABSOLUTE
    _printf_p                                0x00000000   Number         0  stubs.o ABSOLUTE
    _printf_percent                          0x00000000   Number         0  stubs.o ABSOLUTE
    _printf_pre_padding                      0x00000000   Number         0  stubs.o ABSOLUTE
    _printf_return_value                     0x00000000   Number         0  stubs.o ABSOLUTE
    _printf_s                                0x00000000   Number         0  stubs.o ABSOLUTE
    _printf_sizespec                         0x00000000   Number         0  stubs.o ABSOLUTE
    _printf_str                              0x00000000   Number         0  stubs.o ABSOLUTE
    _printf_truncate_signed                  0x00000000   Number         0  stubs.o ABSOLUTE
    _printf_truncate_unsigned                0x00000000   Number         0  stubs.o ABSOLUTE
    _printf_u                                0x00000000   Number         0  stubs.o ABSOLUTE
    _printf_wc                               0x00000000   Number         0  stubs.o ABSOLUTE
    _printf_wctomb                           0x00000000   Number         0  stubs.o ABSOLUTE
    _printf_widthprec                        0x00000000   Number         0  stubs.o ABSOLUTE
    _printf_x                                0x00000000   Number         0  stubs.o ABSOLUTE
    __cpp_initialize__aeabi_                  - Undefined Weak Reference
    __cxa_finalize                            - Undefined Weak Reference
    __decompress                              - Undefined Weak Reference
    _clock_init                               - Undefined Weak Reference
    _microlib_exit                            - Undefined Weak Reference
    __Vectors_Size                           0x00000184   Number         0  startup_stm32f2xx.o ABSOLUTE
    __Vectors                                0x08010000   Data           4  startup_stm32f2xx.o(RESET)
    __Vectors_End                            0x08010184   Data           0  startup_stm32f2xx.o(RESET)
    __main                                   0x08010185   Thumb Code     0  entry.o(.ARM.Collect$$$$00000000)
    _main_stk                                0x08010185   Thumb Code     0  entry2.o(.ARM.Collect$$$$00000001)
    _main_scatterload                        0x08010189   Thumb Code     0  entry5.o(.ARM.Collect$$$$00000004)
    __main_after_scatterload                 0x0801018d   Thumb Code     0  entry5.o(.ARM.Collect$$$$00000004)
    _main_clock                              0x0801018d   Thumb Code     0  entry7b.o(.ARM.Collect$$$$00000008)
    _main_cpp_init                           0x0801018d   Thumb Code     0  entry8b.o(.ARM.Collect$$$$0000000A)
    _main_init                               0x0801018d   Thumb Code     0  entry9a.o(.ARM.Collect$$$$0000000B)
    __rt_final_cpp                           0x08010195   Thumb Code     0  entry10a.o(.ARM.Collect$$$$0000000D)
    __rt_final_exit                          0x08010195   Thumb Code     0  entry11a.o(.ARM.Collect$$$$0000000F)
    Reset_Handler                            0x08010199   Thumb Code     8  startup_stm32f2xx.o(.text)
    SysTick_Handler                          0x080101b1   Thumb Code     2  startup_stm32f2xx.o(.text)
    ADC_IRQHandler                           0x080101b3   Thumb Code     0  startup_stm32f2xx.o(.text)
    CAN1_RX1_IRQHandler                      0x080101b3   Thumb Code     0  startup_stm32f2xx.o(.text)
    CAN1_SCE_IRQHandler                      0x080101b3   Thumb Code     0  startup_stm32f2xx.o(.text)
    CAN1_TX_IRQHandler                       0x080101b3   Thumb Code     0  startup_stm32f2xx.o(.text)
    CAN2_RX0_IRQHandler                      0x080101b3   Thumb Code     0  startup_stm32f2xx.o(.text)
    CAN2_RX1_IRQHandler                      0x080101b3   Thumb Code     0  startup_stm32f2xx.o(.text)
    CAN2_SCE_IRQHandler                      0x080101b3   Thumb Code     0  startup_stm32f2xx.o(.text)
    CAN2_TX_IRQHandler                       0x080101b3   Thumb Code     0  startup_stm32f2xx.o(.text)
    CRYP_IRQHandler                          0x080101b3   Thumb Code     0  startup_stm32f2xx.o(.text)
    DCMI_IRQHandler                          0x080101b3   Thumb Code     0  startup_stm32f2xx.o(.text)
    DMA1_Stream0_IRQHandler                  0x080101b3   Thumb Code     0  startup_stm32f2xx.o(.text)
    DMA1_Stream1_IRQHandler                  0x080101b3   Thumb Code     0  startup_stm32f2xx.o(.text)
    DMA1_Stream2_IRQHandler                  0x080101b3   Thumb Code     0  startup_stm32f2xx.o(.text)
    DMA1_Stream3_IRQHandler                  0x080101b3   Thumb Code     0  startup_stm32f2xx.o(.text)
    DMA1_Stream4_IRQHandler                  0x080101b3   Thumb Code     0  startup_stm32f2xx.o(.text)
    DMA1_Stream5_IRQHandler                  0x080101b3   Thumb Code     0  startup_stm32f2xx.o(.text)
    DMA1_Stream6_IRQHandler                  0x080101b3   Thumb Code     0  startup_stm32f2xx.o(.text)
    DMA1_Stream7_IRQHandler                  0x080101b3   Thumb Code     0  startup_stm32f2xx.o(.text)
    DMA2_Stream0_IRQHandler                  0x080101b3   Thumb Code     0  startup_stm32f2xx.o(.text)
    DMA2_Stream1_IRQHandler                  0x080101b3   Thumb Code     0  startup_stm32f2xx.o(.text)
    DMA2_Stream2_IRQHandler                  0x080101b3   Thumb Code     0  startup_stm32f2xx.o(.text)
    DMA2_Stream3_IRQHandler                  0x080101b3   Thumb Code     0  startup_stm32f2xx.o(.text)
    DMA2_Stream4_IRQHandler                  0x080101b3   Thumb Code     0  startup_stm32f2xx.o(.text)
    DMA2_Stream5_IRQHandler                  0x080101b3   Thumb Code     0  startup_stm32f2xx.o(.text)
    DMA2_Stream6_IRQHandler                  0x080101b3   Thumb Code     0  startup_stm32f2xx.o(.text)
    DMA2_Stream7_IRQHandler                  0x080101b3   Thumb Code     0  startup_stm32f2xx.o(.text)
    ETH_IRQHandler                           0x080101b3   Thumb Code     0  startup_stm32f2xx.o(.text)
    ETH_WKUP_IRQHandler                      0x080101b3   Thumb Code     0  startup_stm32f2xx.o(.text)
    EXTI0_IRQHandler                         0x080101b3   Thumb Code     0  startup_stm32f2xx.o(.text)
    EXTI15_10_IRQHandler                     0x080101b3   Thumb Code     0  startup_stm32f2xx.o(.text)
    EXTI1_IRQHandler                         0x080101b3   Thumb Code     0  startup_stm32f2xx.o(.text)
    EXTI2_IRQHandler                         0x080101b3   Thumb Code     0  startup_stm32f2xx.o(.text)
    EXTI3_IRQHandler                         0x080101b3   Thumb Code     0  startup_stm32f2xx.o(.text)
    EXTI4_IRQHandler                         0x080101b3   Thumb Code     0  startup_stm32f2xx.o(.text)
    EXTI9_5_IRQHandler                       0x080101b3   Thumb Code     0  startup_stm32f2xx.o(.text)
    FLASH_IRQHandler                         0x080101b3   Thumb Code     0  startup_stm32f2xx.o(.text)
    FSMC_IRQHandler                          0x080101b3   Thumb Code     0  startup_stm32f2xx.o(.text)
    HASH_RNG_IRQHandler                      0x080101b3   Thumb Code     0  startup_stm32f2xx.o(.text)
    I2C1_ER_IRQHandler                       0x080101b3   Thumb Code     0  startup_stm32f2xx.o(.text)
    I2C1_EV_IRQHandler                       0x080101b3   Thumb Code     0  startup_stm32f2xx.o(.text)
    I2C2_ER_IRQHandler                       0x080101b3   Thumb Code     0  startup_stm32f2xx.o(.text)
    I2C2_EV_IRQHandler                       0x080101b3   Thumb Code     0  startup_stm32f2xx.o(.text)
    I2C3_ER_IRQHandler                       0x080101b3   Thumb Code     0  startup_stm32f2xx.o(.text)
    I2C3_EV_IRQHandler                       0x080101b3   Thumb Code     0  startup_stm32f2xx.o(.text)
    OTG_FS_IRQHandler                        0x080101b3   Thumb Code     0  startup_stm32f2xx.o(.text)
    OTG_FS_WKUP_IRQHandler                   0x080101b3   Thumb Code     0  startup_stm32f2xx.o(.text)
    OTG_HS_EP1_IN_IRQHandler                 0x080101b3   Thumb Code     0  startup_stm32f2xx.o(.text)
    OTG_HS_EP1_OUT_IRQHandler                0x080101b3   Thumb Code     0  startup_stm32f2xx.o(.text)
    OTG_HS_IRQHandler                        0x080101b3   Thumb Code     0  startup_stm32f2xx.o(.text)
    OTG_HS_WKUP_IRQHandler                   0x080101b3   Thumb Code     0  startup_stm32f2xx.o(.text)
    PVD_IRQHandler                           0x080101b3   Thumb Code     0  startup_stm32f2xx.o(.text)
    RCC_IRQHandler                           0x080101b3   Thumb Code     0  startup_stm32f2xx.o(.text)
    RTC_Alarm_IRQHandler                     0x080101b3   Thumb Code     0  startup_stm32f2xx.o(.text)
    RTC_WKUP_IRQHandler                      0x080101b3   Thumb Code     0  startup_stm32f2xx.o(.text)
    SDIO_IRQHandler                          0x080101b3   Thumb Code     0  startup_stm32f2xx.o(.text)
    SPI1_IRQHandler                          0x080101b3   Thumb Code     0  startup_stm32f2xx.o(.text)
    SPI2_IRQHandler                          0x080101b3   Thumb Code     0  startup_stm32f2xx.o(.text)
    SPI3_IRQHandler                          0x080101b3   Thumb Code     0  startup_stm32f2xx.o(.text)
    TAMP_STAMP_IRQHandler                    0x080101b3   Thumb Code     0  startup_stm32f2xx.o(.text)
    TIM1_BRK_TIM9_IRQHandler                 0x080101b3   Thumb Code     0  startup_stm32f2xx.o(.text)
    TIM1_CC_IRQHandler                       0x080101b3   Thumb Code     0  startup_stm32f2xx.o(.text)
    TIM1_TRG_COM_TIM11_IRQHandler            0x080101b3   Thumb Code     0  startup_stm32f2xx.o(.text)
    TIM1_UP_TIM10_IRQHandler                 0x080101b3   Thumb Code     0  startup_stm32f2xx.o(.text)
    TIM2_IRQHandler                          0x080101b3   Thumb Code     0  startup_stm32f2xx.o(.text)
    TIM4_IRQHandler                          0x080101b3   Thumb Code     0  startup_stm32f2xx.o(.text)
    TIM5_IRQHandler                          0x080101b3   Thumb Code     0  startup_stm32f2xx.o(.text)
    TIM6_DAC_IRQHandler                      0x080101b3   Thumb Code     0  startup_stm32f2xx.o(.text)
    TIM7_IRQHandler                          0x080101b3   Thumb Code     0  startup_stm32f2xx.o(.text)
    TIM8_BRK_TIM12_IRQHandler                0x080101b3   Thumb Code     0  startup_stm32f2xx.o(.text)
    TIM8_CC_IRQHandler                       0x080101b3   Thumb Code     0  startup_stm32f2xx.o(.text)
    TIM8_TRG_COM_TIM14_IRQHandler            0x080101b3   Thumb Code     0  startup_stm32f2xx.o(.text)
    TIM8_UP_TIM13_IRQHandler                 0x080101b3   Thumb Code     0  startup_stm32f2xx.o(.text)
    UART4_IRQHandler                         0x080101b3   Thumb Code     0  startup_stm32f2xx.o(.text)
    UART5_IRQHandler                         0x080101b3   Thumb Code     0  startup_stm32f2xx.o(.text)
    USART2_IRQHandler                        0x080101b3   Thumb Code     0  startup_stm32f2xx.o(.text)
    USART3_IRQHandler                        0x080101b3   Thumb Code     0  startup_stm32f2xx.o(.text)
    USART6_IRQHandler                        0x080101b3   Thumb Code     0  startup_stm32f2xx.o(.text)
    WWDG_IRQHandler                          0x080101b3   Thumb Code     0  startup_stm32f2xx.o(.text)
    __aeabi_uidiv                            0x080101bd   Thumb Code     0  uidiv.o(.text)
    __aeabi_uidivmod                         0x080101bd   Thumb Code    44  uidiv.o(.text)
    __scatterload                            0x080101e9   Thumb Code    28  init.o(.text)
    __scatterload_rt2                        0x080101e9   Thumb Code     0  init.o(.text)
    ADC_Cmd                                  0x0801020d   Thumb Code    22  stm32f2xx_adc.o(i.ADC_Cmd)
    ADC_CommonInit                           0x08010225   Thumb Code    34  stm32f2xx_adc.o(i.ADC_CommonInit)
    ADC_Init                                 0x08010255   Thumb Code    74  stm32f2xx_adc.o(i.ADC_Init)
    Adc_Init                                 0x080102a9   Thumb Code   122  adc.o(i.Adc_Init)
    BusFault_Handler                         0x0801032d   Thumb Code     4  stm32f2xx_it.o(i.BusFault_Handler)
    CAN1_Mode_Init                           0x08010331   Thumb Code   250  can.o(i.CAN1_Mode_Init)
    CAN1_RX0_IRQHandler                      0x08010435   Thumb Code    38  can.o(i.CAN1_RX0_IRQHandler)
    CAN1_Send_Msg                            0x08010465   Thumb Code   110  can.o(i.CAN1_Send_Msg)
    CAN_DeInit                               0x080104d9   Thumb Code    50  stm32f2xx_can.o(i.CAN_DeInit)
    CAN_FilterInit                           0x08010511   Thumb Code   258  stm32f2xx_can.o(i.CAN_FilterInit)
    CAN_ITConfig                             0x08010619   Thumb Code    18  stm32f2xx_can.o(i.CAN_ITConfig)
    CAN_Init                                 0x0801062b   Thumb Code   276  stm32f2xx_can.o(i.CAN_Init)
    CAN_Receive                              0x0801073f   Thumb Code   240  stm32f2xx_can.o(i.CAN_Receive)
    CAN_Transmit                             0x0801082f   Thumb Code   294  stm32f2xx_can.o(i.CAN_Transmit)
    CAN_TransmitStatus                       0x08010955   Thumb Code   138  stm32f2xx_can.o(i.CAN_TransmitStatus)
    DebugMon_Handler                         0x080109f5   Thumb Code     2  stm32f2xx_it.o(i.DebugMon_Handler)
    FSMC_NORSRAMCmd                          0x080109f9   Thumb Code    46  stm32f2xx_fsmc.o(i.FSMC_NORSRAMCmd)
    FSMC_NORSRAMInit                         0x08010a2d   Thumb Code   230  stm32f2xx_fsmc.o(i.FSMC_NORSRAMInit)
    FSMC_SRAM_Init                           0x08010b13   Thumb Code   102  sram.o(i.FSMC_SRAM_Init)
    Flash_Init                               0x08010b79   Thumb Code    22  stmflash.o(i.Flash_Init)
    GPIO_Init                                0x08010b9d   Thumb Code   144  stm32f2xx_gpio.o(i.GPIO_Init)
    GPIO_PinAFConfig                         0x08010c2d   Thumb Code    70  stm32f2xx_gpio.o(i.GPIO_PinAFConfig)
    GPIO_ResetBits                           0x08010c73   Thumb Code     4  stm32f2xx_gpio.o(i.GPIO_ResetBits)
    GPIO_SetBits                             0x08010c77   Thumb Code     4  stm32f2xx_gpio.o(i.GPIO_SetBits)
    GPIO__Init                               0x08010c7d   Thumb Code   470  gpio.o(i.GPIO__Init)
    HardFault_Handler                        0x08010e69   Thumb Code     4  stm32f2xx_it.o(i.HardFault_Handler)
    LED_DISABLE                              0x08010e6d   Thumb Code   196  gpio.o(i.LED_DISABLE)
    LED_ENABLE                               0x08010f39   Thumb Code   116  gpio.o(i.LED_ENABLE)
    LED_Init                                 0x08010fb5   Thumb Code    42  gpio.o(i.LED_Init)
    LED_SHOW                                 0x08010fe5   Thumb Code   708  gpio.o(i.LED_SHOW)
    List_Init                                0x080112b1   Thumb Code    26  list.o(i.List_Init)
    MemManage_Handler                        0x080112f5   Thumb Code     4  stm32f2xx_it.o(i.MemManage_Handler)
    NMI_Handler                              0x080112f9   Thumb Code     2  stm32f2xx_it.o(i.NMI_Handler)
    NVIC_Init                                0x080112fd   Thumb Code   106  misc.o(i.NVIC_Init)
    NVIC_PriorityGroupConfig                 0x08011375   Thumb Code    10  misc.o(i.NVIC_PriorityGroupConfig)
    PendSV_Handler                           0x08011389   Thumb Code     2  stm32f2xx_it.o(i.PendSV_Handler)
    RCC_AHB1PeriphClockCmd                   0x0801138d   Thumb Code    26  stm32f2xx_rcc.o(i.RCC_AHB1PeriphClockCmd)
    RCC_AHB3PeriphClockCmd                   0x080113ad   Thumb Code    26  stm32f2xx_rcc.o(i.RCC_AHB3PeriphClockCmd)
    RCC_APB1PeriphClockCmd                   0x080113cd   Thumb Code    26  stm32f2xx_rcc.o(i.RCC_APB1PeriphClockCmd)
    RCC_APB1PeriphResetCmd                   0x080113ed   Thumb Code    26  stm32f2xx_rcc.o(i.RCC_APB1PeriphResetCmd)
    RCC_APB2PeriphClockCmd                   0x0801140d   Thumb Code    26  stm32f2xx_rcc.o(i.RCC_APB2PeriphClockCmd)
    RCC_APB2PeriphResetCmd                   0x0801142d   Thumb Code    26  stm32f2xx_rcc.o(i.RCC_APB2PeriphResetCmd)
    RCC_GetClocksFreq                        0x0801144d   Thumb Code   214  stm32f2xx_rcc.o(i.RCC_GetClocksFreq)
    STMFLASH_Read                            0x08011535   Thumb Code    32  stmflash.o(i.STMFLASH_Read)
    STMFLASH_ReadWord                        0x08011555   Thumb Code     6  stmflash.o(i.STMFLASH_ReadWord)
    SVC_Handler                              0x0801155b   Thumb Code     2  stm32f2xx_it.o(i.SVC_Handler)
    SystemInit                               0x08011629   Thumb Code    74  system_stm32f2xx.o(i.SystemInit)
    TIM3_IRQHandler                          0x08011685   Thumb Code    82  tim.o(i.TIM3_IRQHandler)
    TIM_ClearITPendingBit                    0x080116e5   Thumb Code     6  stm32f2xx_tim.o(i.TIM_ClearITPendingBit)
    TIM_Cmd                                  0x080116eb   Thumb Code    24  stm32f2xx_tim.o(i.TIM_Cmd)
    TIM_GetITStatus                          0x08011703   Thumb Code    34  stm32f2xx_tim.o(i.TIM_GetITStatus)
    TIM_ITConfig                             0x08011725   Thumb Code    18  stm32f2xx_tim.o(i.TIM_ITConfig)
    TIM_TimeBaseInit                         0x08011739   Thumb Code   104  stm32f2xx_tim.o(i.TIM_TimeBaseInit)
    TIM__Init                                0x080117bd   Thumb Code    90  tim.o(i.TIM__Init)
    USART1_IRQHandler                        0x0801181d   Thumb Code   232  usart.o(i.USART1_IRQHandler)
    USART_Cmd                                0x08011951   Thumb Code    24  stm32f2xx_usart.o(i.USART_Cmd)
    USART_GetITStatus                        0x08011969   Thumb Code    84  stm32f2xx_usart.o(i.USART_GetITStatus)
    USART_ITConfig                           0x080119bd   Thumb Code    74  stm32f2xx_usart.o(i.USART_ITConfig)
    USART_Init                               0x08011a09   Thumb Code   204  stm32f2xx_usart.o(i.USART_Init)
    USART_ReceiveData                        0x08011add   Thumb Code    10  stm32f2xx_usart.o(i.USART_ReceiveData)
    UsageFault_Handler                       0x08011ae7   Thumb Code     4  stm32f2xx_it.o(i.UsageFault_Handler)
    __0printf$3                              0x08011aed   Thumb Code    22  printf3.o(i.__0printf$3)
    __1printf$3                              0x08011aed   Thumb Code     0  printf3.o(i.__0printf$3)
    __2printf                                0x08011aed   Thumb Code     0  printf3.o(i.__0printf$3)
    __scatterload_copy                       0x08011b0d   Thumb Code    14  handlers.o(i.__scatterload_copy)
    __scatterload_null                       0x08011b1b   Thumb Code     2  handlers.o(i.__scatterload_null)
    __scatterload_zeroinit                   0x08011b1d   Thumb Code    14  handlers.o(i.__scatterload_zeroinit)
    append                                   0x08011ce5   Thumb Code    60  list.o(i.append)
    delay_ms                                 0x08011d29   Thumb Code    56  delay.o(i.delay_ms)
    delet                                    0x08011d61   Thumb Code    34  list.o(i.delet)
    fputc                                    0x08011dad   Thumb Code    22  usart.o(i.fputc)
    insert                                   0x08011dc9   Thumb Code    66  list.o(i.insert)
    main                                     0x08011e15   Thumb Code   102  main.o(i.main)
    malloc                                   0x08011e91   Thumb Code    92  malloc.o(i.malloc)
    print                                    0x08011efd   Thumb Code    38  list.o(i.print)
    uart_init                                0x08011f35   Thumb Code   178  usart.o(i.uart_init)
    Region$$Table$$Base                      0x08011ff0   Number         0  anon$$obj.o(Region$$Table)
    Region$$Table$$Limit                     0x08012010   Number         0  anon$$obj.o(Region$$Table)
    ts                                       0x20000010   Data           2  gpio.o(.data)
    Flag                                     0x20000014   Data           4  tim.o(.data)
    __stdout                                 0x20000018   Data           4  usart.o(.data)
    USART_RX_KEY                             0x2000001c   Data           1  usart.o(.data)
    USART_RX_FG                              0x2000001e   Data           2  usart.o(.data)
    USART_RX_STA                             0x20000020   Data           2  usart.o(.data)
    CAN_RX_NUM                               0x20000024   Data           4  usart.o(.data)
    top                                      0x20000028   Data           4  list.o(.data)
    tail                                     0x2000002c   Data           4  list.o(.data)
    __microlib_freelist                      0x20000030   Data           4  mvars.o(.data)
    __microlib_freelist_initialised          0x20000034   Data           4  mvars.o(.data)
    USART_RX_BUF                             0x20000038   Data         200  usart.o(.bss)
    datatemp                                 0x20000100   Data           9  stmflash.o(.bss)
    __heap_base                              0x20000110   Data           0  startup_stm32f2xx.o(HEAP)
    __heap_limit                             0x20000510   Data           0  startup_stm32f2xx.o(HEAP)
    __initial_sp                             0x20000910   Data           0  startup_stm32f2xx.o(STACK)
    testsram                                 0x68000000   Data       500000  gpio.o(.ARM.__AT_0x68000000)



==============================================================================

Memory Map of the image

  Image Entry point : 0x08010185

  Load Region LR_IROM1 (Base: 0x08010000, Size: 0x00002048, Max: 0x00100000, ABSOLUTE)

    Execution Region ER_IROM1 (Base: 0x08010000, Size: 0x00002010, Max: 0x00100000, ABSOLUTE)

    Base Addr    Size         Type   Attr      Idx    E Section Name        Object

    0x08010000   0x00000184   Data   RO         3914    RESET               startup_stm32f2xx.o
    0x08010184   0x00000000   Code   RO         4209  * .ARM.Collect$$$$00000000  mc_w.l(entry.o)
    0x08010184   0x00000004   Code   RO         4501    .ARM.Collect$$$$00000001  mc_w.l(entry2.o)
    0x08010188   0x00000004   Code   RO         4504    .ARM.Collect$$$$00000004  mc_w.l(entry5.o)
    0x0801018c   0x00000000   Code   RO         4506    .ARM.Collect$$$$00000008  mc_w.l(entry7b.o)
    0x0801018c   0x00000000   Code   RO         4508    .ARM.Collect$$$$0000000A  mc_w.l(entry8b.o)
    0x0801018c   0x00000008   Code   RO         4509    .ARM.Collect$$$$0000000B  mc_w.l(entry9a.o)
    0x08010194   0x00000000   Code   RO         4511    .ARM.Collect$$$$0000000D  mc_w.l(entry10a.o)
    0x08010194   0x00000000   Code   RO         4513    .ARM.Collect$$$$0000000F  mc_w.l(entry11a.o)
    0x08010194   0x00000004   Code   RO         4502    .ARM.Collect$$$$00002712  mc_w.l(entry2.o)
    0x08010198   0x00000024   Code   RO         3915    .text               startup_stm32f2xx.o
    0x080101bc   0x0000002c   Code   RO         4515    .text               mc_w.l(uidiv.o)
    0x080101e8   0x00000024   Code   RO         4536    .text               mc_w.l(init.o)
    0x0801020c   0x00000016   Code   RO          140    i.ADC_Cmd           stm32f2xx_adc.o
    0x08010222   0x00000002   PAD
    0x08010224   0x00000030   Code   RO          141    i.ADC_CommonInit    stm32f2xx_adc.o
    0x08010254   0x00000054   Code   RO          160    i.ADC_Init          stm32f2xx_adc.o
    0x080102a8   0x00000084   Code   RO         4097    i.Adc_Init          adc.o
    0x0801032c   0x00000004   Code   RO         3818    i.BusFault_Handler  stm32f2xx_it.o
    0x08010330   0x00000104   Code   RO         4001    i.CAN1_Mode_Init    can.o
    0x08010434   0x00000030   Code   RO         4002    i.CAN1_RX0_IRQHandler  can.o
    0x08010464   0x00000074   Code   RO         4004    i.CAN1_Send_Msg     can.o
    0x080104d8   0x00000038   Code   RO          372    i.CAN_DeInit        stm32f2xx_can.o
    0x08010510   0x00000108   Code   RO          374    i.CAN_FilterInit    stm32f2xx_can.o
    0x08010618   0x00000012   Code   RO          380    i.CAN_ITConfig      stm32f2xx_can.o
    0x0801062a   0x00000114   Code   RO          381    i.CAN_Init          stm32f2xx_can.o
    0x0801073e   0x000000f0   Code   RO          384    i.CAN_Receive       stm32f2xx_can.o
    0x0801082e   0x00000126   Code   RO          389    i.CAN_Transmit      stm32f2xx_can.o
    0x08010954   0x000000a0   Code   RO          390    i.CAN_TransmitStatus  stm32f2xx_can.o
    0x080109f4   0x00000002   Code   RO         3819    i.DebugMon_Handler  stm32f2xx_it.o
    0x080109f6   0x00000002   PAD
    0x080109f8   0x00000034   Code   RO         1344    i.FSMC_NORSRAMCmd   stm32f2xx_fsmc.o
    0x08010a2c   0x000000e6   Code   RO         1346    i.FSMC_NORSRAMInit  stm32f2xx_fsmc.o
    0x08010b12   0x00000066   Code   RO         4035    i.FSMC_SRAM_Init    sram.o
    0x08010b78   0x00000024   Code   RO         4163    i.Flash_Init        stmflash.o
    0x08010b9c   0x00000090   Code   RO         3676    i.GPIO_Init         stm32f2xx_gpio.o
    0x08010c2c   0x00000046   Code   RO         3677    i.GPIO_PinAFConfig  stm32f2xx_gpio.o
    0x08010c72   0x00000004   Code   RO         3683    i.GPIO_ResetBits    stm32f2xx_gpio.o
    0x08010c76   0x00000004   Code   RO         3684    i.GPIO_SetBits      stm32f2xx_gpio.o
    0x08010c7a   0x00000002   PAD
    0x08010c7c   0x000001ec   Code   RO         3940    i.GPIO__Init        gpio.o
    0x08010e68   0x00000004   Code   RO         3820    i.HardFault_Handler  stm32f2xx_it.o
    0x08010e6c   0x000000cc   Code   RO         3941    i.LED_DISABLE       gpio.o
    0x08010f38   0x0000007c   Code   RO         3942    i.LED_ENABLE        gpio.o
    0x08010fb4   0x00000030   Code   RO         3943    i.LED_Init          gpio.o
    0x08010fe4   0x000002cc   Code   RO         3944    i.LED_SHOW          gpio.o
    0x080112b0   0x00000044   Code   RO         4121    i.List_Init         list.o
    0x080112f4   0x00000004   Code   RO         3821    i.MemManage_Handler  stm32f2xx_it.o
    0x080112f8   0x00000002   Code   RO         3822    i.NMI_Handler       stm32f2xx_it.o
    0x080112fa   0x00000002   PAD
    0x080112fc   0x00000078   Code   RO            1    i.NVIC_Init         misc.o
    0x08011374   0x00000014   Code   RO            2    i.NVIC_PriorityGroupConfig  misc.o
    0x08011388   0x00000002   Code   RO         3823    i.PendSV_Handler    stm32f2xx_it.o
    0x0801138a   0x00000002   PAD
    0x0801138c   0x00000020   Code   RO         1915    i.RCC_AHB1PeriphClockCmd  stm32f2xx_rcc.o
    0x080113ac   0x00000020   Code   RO         1921    i.RCC_AHB3PeriphClockCmd  stm32f2xx_rcc.o
    0x080113cc   0x00000020   Code   RO         1924    i.RCC_APB1PeriphClockCmd  stm32f2xx_rcc.o
    0x080113ec   0x00000020   Code   RO         1926    i.RCC_APB1PeriphResetCmd  stm32f2xx_rcc.o
    0x0801140c   0x00000020   Code   RO         1927    i.RCC_APB2PeriphClockCmd  stm32f2xx_rcc.o
    0x0801142c   0x00000020   Code   RO         1929    i.RCC_APB2PeriphResetCmd  stm32f2xx_rcc.o
    0x0801144c   0x000000e8   Code   RO         1936    i.RCC_GetClocksFreq  stm32f2xx_rcc.o
    0x08011534   0x00000020   Code   RO         4165    i.STMFLASH_Read     stmflash.o
    0x08011554   0x00000006   Code   RO         4166    i.STMFLASH_ReadWord  stmflash.o
    0x0801155a   0x00000002   Code   RO         3824    i.SVC_Handler       stm32f2xx_it.o
    0x0801155c   0x000000cc   Code   RO         3883    i.SetSysClock       system_stm32f2xx.o
    0x08011628   0x0000005c   Code   RO         3885    i.SystemInit        system_stm32f2xx.o
    0x08011684   0x00000060   Code   RO         3980    i.TIM3_IRQHandler   tim.o
    0x080116e4   0x00000006   Code   RO         2898    i.TIM_ClearITPendingBit  stm32f2xx_tim.o
    0x080116ea   0x00000018   Code   RO         2903    i.TIM_Cmd           stm32f2xx_tim.o
    0x08011702   0x00000022   Code   RO         2924    i.TIM_GetITStatus   stm32f2xx_tim.o
    0x08011724   0x00000012   Code   RO         2928    i.TIM_ITConfig      stm32f2xx_tim.o
    0x08011736   0x00000002   PAD
    0x08011738   0x00000084   Code   RO         2975    i.TIM_TimeBaseInit  stm32f2xx_tim.o
    0x080117bc   0x00000060   Code   RO         3981    i.TIM__Init         tim.o
    0x0801181c   0x00000134   Code   RO         4047    i.USART1_IRQHandler  usart.o
    0x08011950   0x00000018   Code   RO         3445    i.USART_Cmd         stm32f2xx_usart.o
    0x08011968   0x00000054   Code   RO         3449    i.USART_GetITStatus  stm32f2xx_usart.o
    0x080119bc   0x0000004a   Code   RO         3451    i.USART_ITConfig    stm32f2xx_usart.o
    0x08011a06   0x00000002   PAD
    0x08011a08   0x000000d4   Code   RO         3452    i.USART_Init        stm32f2xx_usart.o
    0x08011adc   0x0000000a   Code   RO         3459    i.USART_ReceiveData  stm32f2xx_usart.o
    0x08011ae6   0x00000004   Code   RO         3825    i.UsageFault_Handler  stm32f2xx_it.o
    0x08011aea   0x00000002   PAD
    0x08011aec   0x00000020   Code   RO         4301    i.__0printf$3       mc_w.l(printf3.o)
    0x08011b0c   0x0000000e   Code   RO         4548    i.__scatterload_copy  mc_w.l(handlers.o)
    0x08011b1a   0x00000002   Code   RO         4549    i.__scatterload_null  mc_w.l(handlers.o)
    0x08011b1c   0x0000000e   Code   RO         4550    i.__scatterload_zeroinit  mc_w.l(handlers.o)
    0x08011b2a   0x00000002   PAD
    0x08011b2c   0x000001b8   Code   RO         4308    i._printf_core      mc_w.l(printf3.o)
    0x08011ce4   0x00000044   Code   RO         4122    i.append            list.o
    0x08011d28   0x00000038   Code   RO         3919    i.delay_ms          delay.o
    0x08011d60   0x0000004c   Code   RO         4123    i.delet             list.o
    0x08011dac   0x0000001c   Code   RO         4050    i.fputc             usart.o
    0x08011dc8   0x0000004c   Code   RO         4124    i.insert            list.o
    0x08011e14   0x0000007c   Code   RO         3765    i.main              main.o
    0x08011e90   0x0000006c   Code   RO         4474    i.malloc            mc_w.l(malloc.o)
    0x08011efc   0x00000038   Code   RO         4125    i.print             list.o
    0x08011f34   0x000000bc   Code   RO         4051    i.uart_init         usart.o
    0x08011ff0   0x00000020   Data   RO         4546    Region$$Table       anon$$obj.o


    Execution Region RW_IRAM1 (Base: 0x20000000, Size: 0x00000910, Max: 0x00020000, ABSOLUTE)

    Base Addr    Size         Type   Attr      Idx    E Section Name        Object

    0x20000000   0x00000010   Data   RW         1959    .data               stm32f2xx_rcc.o
    0x20000010   0x00000002   Data   RW         3946    .data               gpio.o
    0x20000012   0x00000002   PAD
    0x20000014   0x00000004   Data   RW         3982    .data               tim.o
    0x20000018   0x00000010   Data   RW         4053    .data               usart.o
    0x20000028   0x00000008   Data   RW         4126    .data               list.o
    0x20000030   0x00000004   Data   RW         4523    .data               mc_w.l(mvars.o)
    0x20000034   0x00000004   Data   RW         4524    .data               mc_w.l(mvars.o)
    0x20000038   0x000000c8   Zero   RW         4052    .bss                usart.o
    0x20000100   0x00000009   Zero   RW         4168    .bss                stmflash.o
    0x20000109   0x00000007   PAD
    0x20000110   0x00000400   Zero   RW         3913    HEAP                startup_stm32f2xx.o
    0x20000510   0x00000400   Zero   RW         3912    STACK               startup_stm32f2xx.o



  Load Region LR$$.ARM.__AT_0x68000000 (Base: 0x68000000, Size: 0x00000000, Max: 0x0007a120, ABSOLUTE)

    Execution Region ER$$.ARM.__AT_0x68000000 (Base: 0x68000000, Size: 0x0007a120, Max: 0x0007a120, ABSOLUTE, UNINIT)

    Base Addr    Size         Type   Attr      Idx    E Section Name        Object

    0x68000000   0x0007a120   Zero   RW         3945    .ARM.__AT_0x68000000  gpio.o


==============================================================================

Image component sizes


      Code (inc. data)   RO Data    RW Data    ZI Data      Debug   Object Name

       132         10          0          0          0        651   adc.o
       424         26          0          0          0       2575   can.o
         0          0          0          0          0         32   core_cm3.o
        56          0          0          0          0        523   delay.o
      1584         52          0          2     500000       3928   gpio.o
       344        120          0          8          0       3745   list.o
       124         22          0          0          0        519   main.o
       140         24          0          0          0     287375   misc.o
       102          0          0          0          0        641   sram.o
        36          8        388          0       2048        928   startup_stm32f2xx.o
       154         24          0          0          0       3222   stm32f2xx_adc.o
      1308         34          0          0          0       6218   stm32f2xx_can.o
       282          6          0          0          0       2061   stm32f2xx_fsmc.o
       222          0          0          0          0       3231   stm32f2xx_gpio.o
        24          0          0          0          0       3708   stm32f2xx_it.o
       424         54          0         16          0       6726   stm32f2xx_rcc.o
       214         28          0          0          0       4082   stm32f2xx_tim.o
       404          8          0          0          0       4638   stm32f2xx_usart.o
        74         14          0          0          9       2284   stmflash.o
       296         30          0          0          0       1837   system_stm32f2xx.o
       192         20          0          4          0       1337   tim.o
       524         92          0         16        200       4060   usart.o

    ----------------------------------------------------------------------
      7076        572        420         48     502264     344321   Object Totals
         0          0         32          0          0          0   (incl. Generated)
        16          0          0          2          7          0   (incl. Padding)

    ----------------------------------------------------------------------

      Code (inc. data)   RO Data    RW Data    ZI Data      Debug   Library Member Name

         0          0          0          0          0          0   entry.o
         0          0          0          0          0          0   entry10a.o
         0          0          0          0          0          0   entry11a.o
         8          4          0          0          0          0   entry2.o
         4          0          0          0          0          0   entry5.o
         0          0          0          0          0          0   entry7b.o
         0          0          0          0          0          0   entry8b.o
         8          4          0          0          0          0   entry9a.o
        30          0          0          0          0          0   handlers.o
        36          8          0          0          0         68   init.o
       108         16          0          0          0         84   malloc.o
         0          0          0          8          0          0   mvars.o
       472         14          0          0          0        184   printf3.o
        44          0          0          0          0         80   uidiv.o

    ----------------------------------------------------------------------
       712         46          0          8          0        416   Library Totals
         2          0          0          0          0          0   (incl. Padding)

    ----------------------------------------------------------------------

      Code (inc. data)   RO Data    RW Data    ZI Data      Debug   Library Name

       710         46          0          8          0        416   mc_w.l

    ----------------------------------------------------------------------
       712         46          0          8          0        416   Library Totals

    ----------------------------------------------------------------------

==============================================================================


      Code (inc. data)   RO Data    RW Data    ZI Data      Debug   

      7788        618        420         56     502264     341301   Grand Totals
      7788        618        420         56     502264     341301   ELF Image Totals
      7788        618        420         56          0          0   ROM Totals

==============================================================================

    Total RO  Size (Code + RO Data)                 8208 (   8.02kB)
    Total RW  Size (RW Data + ZI Data)            502320 ( 490.55kB)
    Total ROM Size (Code + RO Data + RW Data)       8264 (   8.07kB)

==============================================================================

